Archive member included to satisfy reference by file (symbol)

c:/MaximSDK/Libraries/PeriphDrivers/bin/MAX78000/softfp/libPeriphDriver_softfp.a(mxc_delay.o)
                              c:/Users/trufu/eclipse-workspace/CEW_/build/main.o (MXC_Delay)
c:/MaximSDK/Libraries/PeriphDrivers/bin/MAX78000/softfp/libPeriphDriver_softfp.a(pins_ai85.o)
                              c:/Users/trufu/eclipse-workspace/CEW_/build/camera.o (gpio_cfg_pcif_xclk)
c:/MaximSDK/Libraries/PeriphDrivers/bin/MAX78000/softfp/libPeriphDriver_softfp.a(sys_ai85.o)
                              c:/Users/trufu/eclipse-workspace/CEW_/build/main.o (MXC_SYS_ClockDisable)
c:/MaximSDK/Libraries/PeriphDrivers/bin/MAX78000/softfp/libPeriphDriver_softfp.a(nvic_table.o)
                              c:/Users/trufu/eclipse-workspace/CEW_/build/cnn.o (NVIC_SetVector)
c:/MaximSDK/Libraries/PeriphDrivers/bin/MAX78000/softfp/libPeriphDriver_softfp.a(aes_me17.o)
                              c:/MaximSDK/Libraries/PeriphDrivers/bin/MAX78000/softfp/libPeriphDriver_softfp.a(sys_ai85.o) (MXC_AES_Init)
c:/MaximSDK/Libraries/PeriphDrivers/bin/MAX78000/softfp/libPeriphDriver_softfp.a(aes_revb.o)
                              c:/MaximSDK/Libraries/PeriphDrivers/bin/MAX78000/softfp/libPeriphDriver_softfp.a(aes_me17.o) (MXC_AES_RevB_IsBusy)
c:/MaximSDK/Libraries/PeriphDrivers/bin/MAX78000/softfp/libPeriphDriver_softfp.a(cameraif_ai85.o)
                              c:/Users/trufu/eclipse-workspace/CEW_/build/camera.o (MXC_PCIF_Init)
c:/MaximSDK/Libraries/PeriphDrivers/bin/MAX78000/softfp/libPeriphDriver_softfp.a(cameraif_reva.o)
                              c:/MaximSDK/Libraries/PeriphDrivers/bin/MAX78000/softfp/libPeriphDriver_softfp.a(cameraif_ai85.o) (MXC_PCIF_RevA_SetDatawidth)
c:/MaximSDK/Libraries/PeriphDrivers/bin/MAX78000/softfp/libPeriphDriver_softfp.a(dma_me17.o)
                              c:/Users/trufu/eclipse-workspace/CEW_/build/main.o (MXC_DMA_Init)
c:/MaximSDK/Libraries/PeriphDrivers/bin/MAX78000/softfp/libPeriphDriver_softfp.a(dma_reva.o)
                              c:/MaximSDK/Libraries/PeriphDrivers/bin/MAX78000/softfp/libPeriphDriver_softfp.a(dma_me17.o) (MXC_DMA_RevA_Init)
c:/MaximSDK/Libraries/PeriphDrivers/bin/MAX78000/softfp/libPeriphDriver_softfp.a(flc_me17.o)
                              c:/MaximSDK/Libraries/PeriphDrivers/bin/MAX78000/softfp/libPeriphDriver_softfp.a(sys_ai85.o) (MXC_FLC_UnlockInfoBlock)
c:/MaximSDK/Libraries/PeriphDrivers/bin/MAX78000/softfp/libPeriphDriver_softfp.a(flc_revb.o)
                              c:/MaximSDK/Libraries/PeriphDrivers/bin/MAX78000/softfp/libPeriphDriver_softfp.a(flc_me17.o) (MXC_FLC_RevB_Busy)
c:/MaximSDK/Libraries/PeriphDrivers/bin/MAX78000/softfp/libPeriphDriver_softfp.a(gpio_ai85.o)
                              c:/Users/trufu/eclipse-workspace/CEW_/build/main.o (MXC_GPIO_Config)
c:/MaximSDK/Libraries/PeriphDrivers/bin/MAX78000/softfp/libPeriphDriver_softfp.a(gpio_reva.o)
                              c:/MaximSDK/Libraries/PeriphDrivers/bin/MAX78000/softfp/libPeriphDriver_softfp.a(gpio_ai85.o) (MXC_GPIO_RevA_InGet)
c:/MaximSDK/Libraries/PeriphDrivers/bin/MAX78000/softfp/libPeriphDriver_softfp.a(i2c_me17.o)
                              c:/Users/trufu/eclipse-workspace/CEW_/build/max20303.o (MXC_I2C_Init)
c:/MaximSDK/Libraries/PeriphDrivers/bin/MAX78000/softfp/libPeriphDriver_softfp.a(i2c_reva.o)
                              c:/MaximSDK/Libraries/PeriphDrivers/bin/MAX78000/softfp/libPeriphDriver_softfp.a(i2c_me17.o) (MXC_I2C_RevA_DMACallback)
c:/MaximSDK/Libraries/PeriphDrivers/bin/MAX78000/softfp/libPeriphDriver_softfp.a(icc_me17.o)
                              c:/Users/trufu/eclipse-workspace/CEW_/build/main.o (MXC_ICC_Enable)
c:/MaximSDK/Libraries/PeriphDrivers/bin/MAX78000/softfp/libPeriphDriver_softfp.a(icc_reva.o)
                              c:/MaximSDK/Libraries/PeriphDrivers/bin/MAX78000/softfp/libPeriphDriver_softfp.a(icc_me17.o) (MXC_ICC_RevA_ID)
c:/MaximSDK/Libraries/PeriphDrivers/bin/MAX78000/softfp/libPeriphDriver_softfp.a(pt_me17.o)
                              c:/Users/trufu/eclipse-workspace/CEW_/build/camera.o (MXC_PT_Init)
c:/MaximSDK/Libraries/PeriphDrivers/bin/MAX78000/softfp/libPeriphDriver_softfp.a(pt_reva.o)
                              c:/MaximSDK/Libraries/PeriphDrivers/bin/MAX78000/softfp/libPeriphDriver_softfp.a(pt_me17.o) (MXC_PT_RevA_Init)
c:/MaximSDK/Libraries/PeriphDrivers/bin/MAX78000/softfp/libPeriphDriver_softfp.a(spi_me17.o)
                              c:/Users/trufu/eclipse-workspace/CEW_/build/tft_fthr.o (MXC_SPI_Init)
c:/MaximSDK/Libraries/PeriphDrivers/bin/MAX78000/softfp/libPeriphDriver_softfp.a(spi_reva.o)
                              c:/MaximSDK/Libraries/PeriphDrivers/bin/MAX78000/softfp/libPeriphDriver_softfp.a(spi_me17.o) (MXC_SPI_RevA_Init)
c:/MaximSDK/Libraries/PeriphDrivers/bin/MAX78000/softfp/libPeriphDriver_softfp.a(trng_revb.o)
[...]
Memory Configuration

Name             Origin             Length             Attributes
ROM              0x00000000         0x00010000         xr
FLASH            0x10000000         0x00080000         xr
SRAM             0x20000000         0x00020000         xrw
*default*        0x00000000         0xffffffff

Linker script and memory map

LOAD c:/maximsdk/tools/gnutools/bin/../lib/gcc/arm-none-eabi/9.2.1/thumb/v7e-m+fp/softfp/crti.o
LOAD c:/maximsdk/tools/gnutools/bin/../lib/gcc/arm-none-eabi/9.2.1/thumb/v7e-m+fp/softfp/crtbegin.o
LOAD c:/maximsdk/tools/gnutools/bin/../lib/gcc/arm-none-eabi/9.2.1/../../../../arm-none-eabi/lib/thumb/v7e-m+fp/softfp/crt0.o
LOAD c:/Users/trufu/eclipse-workspace/CEW_/build/main.o
LOAD c:/Users/trufu/eclipse-workspace/CEW_/build/cnn.o
LOAD c:/Users/trufu/eclipse-workspace/CEW_/build/softmax.o
LOAD c:/Users/trufu/eclipse-workspace/CEW_/build/img_1_rgb565.o
LOAD c:/Users/trufu/eclipse-workspace/CEW_/build/logo_rgb565.o
LOAD c:/Users/trufu/eclipse-workspace/CEW_/build/SansSerif16x16.o
LOAD c:/Users/trufu/eclipse-workspace/CEW_/build/board.o
LOAD c:/Users/trufu/eclipse-workspace/CEW_/build/stdio.o
LOAD c:/Users/trufu/eclipse-workspace/CEW_/build/led.o
LOAD c:/Users/trufu/eclipse-workspace/CEW_/build/pb.o
LOAD c:/Users/trufu/eclipse-workspace/CEW_/build/tft_fthr.o
LOAD c:/Users/trufu/eclipse-workspace/CEW_/build/camera.o
LOAD c:/Users/trufu/eclipse-workspace/CEW_/build/ov7692.o
LOAD c:/Users/trufu/eclipse-workspace/CEW_/build/sccb.o
LOAD c:/Users/trufu/eclipse-workspace/CEW_/build/max20303.o
LOAD c:/Users/trufu/eclipse-workspace/CEW_/build/startup_max78000.o
LOAD c:/Users/trufu/eclipse-workspace/CEW_/build/heap.o
LOAD c:/Users/trufu/eclipse-workspace/CEW_/build/system_max78000.o
START GROUP
LOAD c:/MaximSDK/Libraries/PeriphDrivers/bin/MAX78000/softfp/libPeriphDriver_softfp.a
LOAD c:/maximsdk/tools/gnutools/bin/../lib/gcc/arm-none-eabi/9.2.1/../../../../arm-none-eabi/lib/thumb/v7e-m+fp/softfp\libc.a
LOAD c:/maximsdk/tools/gnutools/bin/../lib/gcc/arm-none-eabi/9.2.1/../../../../arm-none-eabi/lib/thumb/v7e-m+fp/softfp\libm.a
LOAD c:/maximsdk/tools/gnutools/bin/../lib/gcc/arm-none-eabi/9.2.1/../../../../arm-none-eabi/lib/thumb/v7e-m+fp/softfp\libnosys.a
END GROUP
START GROUP
LOAD c:/maximsdk/tools/gnutools/bin/../lib/gcc/arm-none-eabi/9.2.1/thumb/v7e-m+fp/softfp\libgcc.a
LOAD c:/maximsdk/tools/gnutools/bin/../lib/gcc/arm-none-eabi/9.2.1/../../../../arm-none-eabi/lib/thumb/v7e-m+fp/softfp\libc.a
END GROUP
LOAD c:/maximsdk/tools/gnutools/bin/../lib/gcc/arm-none-eabi/9.2.1/thumb/v7e-m+fp/softfp/crtend.o
LOAD c:/maximsdk/tools/gnutools/bin/../lib/gcc/arm-none-eabi/9.2.1/thumb/v7e-m+fp/softfp/crtn.o

.rom
 *(.rom_vector)
 *(.rom_handlers*)

.text           0x10000000    0x1c64c
                0x10000000                _text = .
 *(.isr_vector)
 .isr_vector    0x10000000      0x1e0 c:/Users/trufu/eclipse-workspace/CEW_/build/startup_max78000.o
                0x10000000                __isr_vector
 *(.text*)
 .text          0x100001e0       0x40 c:/maximsdk/tools/gnutools/bin/../lib/gcc/arm-none-eabi/9.2.1/thumb/v7e-m+fp/softfp/crtbegin.o
 .text.load_input
                0x10000220       0x40 c:/Users/trufu/eclipse-workspace/CEW_/build/main.o
                0x10000220                load_input
 .text.softmax_layer
                0x10000260       0x20 c:/Users/trufu/eclipse-workspace/CEW_/build/main.o
                0x10000260                softmax_layer
 .text.process_camera_img
                0x10000280       0x74 c:/Users/trufu/eclipse-workspace/CEW_/build/main.o
                0x10000280                process_camera_img
 .text.startup.main
                0x100002f4      0x214 c:/Users/trufu/eclipse-workspace/CEW_/build/main.o
                0x100002f4                main
 .text.CNN_ISR  0x10000508       0x54 c:/Users/trufu/eclipse-workspace/CEW_/build/cnn.o
                0x10000508                CNN_ISR
 .text.cnn_stop
                0x1000055c       0x14 c:/Users/trufu/eclipse-workspace/CEW_/build/cnn.o
                0x1000055c                cnn_stop
 .text.memcpy32
                0x10000570       0x1c c:/Users/trufu/eclipse-workspace/CEW_/build/cnn.o
                0x10000570                memcpy32
 .text.cnn_load_weights
                0x1000058c      0xc08 c:/Users/trufu/eclipse-workspace/CEW_/build/cnn.o
                0x1000058c                cnn_load_weights
 .text.cnn_load_bias
                0x10001194       0x18 c:/Users/trufu/eclipse-workspace/CEW_/build/cnn.o
                0x10001194                cnn_load_bias
 .text.cnn_init
                0x100011ac       0x74 c:/Users/trufu/eclipse-workspace/CEW_/build/cnn.o
                0x100011ac                cnn_init
 .text.cnn_configure
                0x10001220      0xc1c c:/Users/trufu/eclipse-workspace/CEW_/build/cnn.o
                0x10001220                cnn_configure
 .text.cnn_start
                0x10001e3c       0x54 c:/Users/trufu/eclipse-workspace/CEW_/build/cnn.o
                0x10001e3c                cnn_start
 .text.cnn_unload
                0x10001e90       0x1c c:/Users/trufu/eclipse-workspace/CEW_/build/cnn.o
                0x10001e90                cnn_unload
 .text.cnn_enable
                0x10001eac       0x3c c:/Users/trufu/eclipse-workspace/CEW_/build/cnn.o
                0x10001eac                cnn_enable
 .text.softmax_q17p14_q15
                0x10001ee8       0xa8 c:/Users/trufu/eclipse-workspace/CEW_/build/softmax.o
                0x10001ee8                softmax_q17p14_q15
 .text.mxc_assert
                0x10001f90       0x10 c:/Users/trufu/eclipse-workspace/CEW_/build/board.o
                0x10001f90                mxc_assert
 .text.Board_Init
                0x10001fa0       0x6c c:/Users/trufu/eclipse-workspace/CEW_/build/board.o
                0x10001fa0                Board_Init
 .text.NMI_Handler
                0x1000200c        0x4 c:/Users/trufu/eclipse-workspace/CEW_/build/board.o
                0x1000200c                NMI_Handler
 .text.Camera_Power
                0x10002010       0x1c c:/Users/trufu/eclipse-workspace/CEW_/build/board.o
                0x10002010                Camera_Power
 .text._close   0x1000202c        0x8 c:/Users/trufu/eclipse-workspace/CEW_/build/stdio.o
                0x1000202c                _close
 .text._isatty  0x10002034        0x8 c:/Users/trufu/eclipse-workspace/CEW_/build/stdio.o
                0x10002034                _isatty
 .text._lseek   0x1000203c        0x8 c:/Users/trufu/eclipse-workspace/CEW_/build/stdio.o
                0x1000203c                _lseek
 .text._fstat   0x10002044        0x8 c:/Users/trufu/eclipse-workspace/CEW_/build/stdio.o
                0x10002044                _fstat
 .text._read    0x1000204c       0x50 c:/Users/trufu/eclipse-workspace/CEW_/build/stdio.o
                0x1000204c                _read
 .text._write   0x1000209c       0x4c c:/Users/trufu/eclipse-workspace/CEW_/build/stdio.o
                0x1000209c                _write
 .text.LED_On   0x100020e8       0x40 c:/Users/trufu/eclipse-workspace/CEW_/build/led.o
                0x100020e8                LED_On
 .text.LED_Off  0x10002128       0x40 c:/Users/trufu/eclipse-workspace/CEW_/build/led.o
                0x10002128                LED_Off
 .text.LED_Init
                0x10002168       0x40 c:/Users/trufu/eclipse-workspace/CEW_/build/led.o
                0x10002168                LED_Init
 .text.PB_Init  0x100021a8       0x34 c:/Users/trufu/eclipse-workspace/CEW_/build/pb.o
                0x100021a8                PB_Init
 .text.GPIO0_IRQHandler
                0x100021dc        0x8 c:/Users/trufu/eclipse-workspace/CEW_/build/pb.o
                0x100021dc                GPIO0_IRQHandler
 .text.GPIO1_IRQHandler
                0x100021e4        0x8 c:/Users/trufu/eclipse-workspace/CEW_/build/pb.o
                0x100021e4                GPIO1_IRQHandler
 .text.GPIO2_IRQHandler
                0x100021ec        0x8 c:/Users/trufu/eclipse-workspace/CEW_/build/pb.o
                0x100021ec                GPIO2_IRQHandler
 .text.PB_Get   0x100021f4       0x44 c:/Users/trufu/eclipse-workspace/CEW_/build/pb.o
                0x100021f4                PB_Get
 .text.camera_irq_handler
                0x10002238      0x13c c:/Users/trufu/eclipse-workspace/CEW_/build/camera.o
                0x10002238                camera_irq_handler
 .text.stream_callback
                0x10002374       0xbc c:/Users/trufu/eclipse-workspace/CEW_/build/camera.o
 .text.setup_dma
                0x10002430       0x84 c:/Users/trufu/eclipse-workspace/CEW_/build/camera.o
 .text.stream_irq_handler
                0x100024b4        0x4 c:/Users/trufu/eclipse-workspace/CEW_/build/camera.o
                0x100024b4                stream_irq_handler
 .text.camera_init
                0x100024b8      0x148 c:/Users/trufu/eclipse-workspace/CEW_/build/camera.o
                0x100024b8                camera_init
 .text.camera_setup
                0x10002600      0x1b8 c:/Users/trufu/eclipse-workspace/CEW_/build/camera.o
                0x10002600                camera_setup
 .text.camera_start_capture_image
                0x100027b8       0x3c c:/Users/trufu/eclipse-workspace/CEW_/build/camera.o
                0x100027b8                camera_start_capture_image
 .text.camera_is_image_rcv
                0x100027f4       0x10 c:/Users/trufu/eclipse-workspace/CEW_/build/camera.o
                0x100027f4                camera_is_image_rcv
 .text.camera_get_image
                0x10002804       0xac c:/Users/trufu/eclipse-workspace/CEW_/build/camera.o
                0x10002804                camera_get_image
 .text.get_slave_address
                0x100028b0        0xc c:/Users/trufu/eclipse-workspace/CEW_/build/ov7692.o
 .text.get_pixformat
                0x100028bc       0x10 c:/Users/trufu/eclipse-workspace/CEW_/build/ov7692.o
 .text.set_contrast
                0x100028cc        0x4 c:/Users/trufu/eclipse-workspace/CEW_/build/ov7692.o
 .text.set_gainceiling
                0x100028d0        0x4 c:/Users/trufu/eclipse-workspace/CEW_/build/ov7692.o
 .text.get_luminance
                0x100028d4       0x60 c:/Users/trufu/eclipse-workspace/CEW_/build/ov7692.o
 .text.read_reg
                0x10002934       0x20 c:/Users/trufu/eclipse-workspace/CEW_/build/ov7692.o
 .text.get_manufacture_id
                0x10002954       0x3c c:/Users/trufu/eclipse-workspace/CEW_/build/ov7692.o
 .text.get_product_id
                0x10002990       0x3c c:/Users/trufu/eclipse-workspace/CEW_/build/ov7692.o
 .text.set_vflip
                0x100029cc       0x3c c:/Users/trufu/eclipse-workspace/CEW_/build/ov7692.o
 .text.set_hmirror
                0x10002a08       0x3c c:/Users/trufu/eclipse-workspace/CEW_/build/ov7692.o
 .text.set_windowing
                0x10002a44      0x150 c:/Users/trufu/eclipse-workspace/CEW_/build/ov7692.o
 .text.set_framesize
                0x10002b94       0xc0 c:/Users/trufu/eclipse-workspace/CEW_/build/ov7692.o
 .text.write_reg
                0x10002c54       0x10 c:/Users/trufu/eclipse-workspace/CEW_/build/ov7692.o
 .text.sleep    0x10002c64       0x3c c:/Users/trufu/eclipse-workspace/CEW_/build/ov7692.o
 .text.reset    0x10002ca0       0x64 c:/Users/trufu/eclipse-workspace/CEW_/build/ov7692.o
 .text.dump_registers
                0x10002d04       0xa4 c:/Users/trufu/eclipse-workspace/CEW_/build/ov7692.o
 .text.init     0x10002da8       0x1c c:/Users/trufu/eclipse-workspace/CEW_/build/ov7692.o
 .text.set_negateimage
                0x10002dc4       0x98 c:/Users/trufu/eclipse-workspace/CEW_/build/ov7692.o
 .text.set_pixformat
                0x10002e5c       0x54 c:/Users/trufu/eclipse-workspace/CEW_/build/ov7692.o
 .text.set_saturation
                0x10002eb0        0x4 c:/Users/trufu/eclipse-workspace/CEW_/build/ov7692.o
 .text.set_colorbar
                0x10002eb4        0x4 c:/Users/trufu/eclipse-workspace/CEW_/build/ov7692.o
 .text.set_brightness
                0x10002eb8        0x4 c:/Users/trufu/eclipse-workspace/CEW_/build/ov7692.o
 .text.sensor_register
                0x10002ebc       0xb8 c:/Users/trufu/eclipse-workspace/CEW_/build/ov7692.o
                0x10002ebc                sensor_register
 .text.start    0x10002f74       0x34 c:/Users/trufu/eclipse-workspace/CEW_/build/sccb.o
 .text.send_byte
                0x10002fa8       0x68 c:/Users/trufu/eclipse-workspace/CEW_/build/sccb.o
 .text.stop     0x10003010       0x2c c:/Users/trufu/eclipse-workspace/CEW_/build/sccb.o
 .text.get_byte
                0x1000303c       0x54 c:/Users/trufu/eclipse-workspace/CEW_/build/sccb.o
 .text.send_NACK
                0x10003090       0x34 c:/Users/trufu/eclipse-workspace/CEW_/build/sccb.o
 .text.sccb_init
                0x100030c4       0x2c c:/Users/trufu/eclipse-workspace/CEW_/build/sccb.o
                0x100030c4                sccb_init
 .text.sccb_scan
                0x100030f0       0x30 c:/Users/trufu/eclipse-workspace/CEW_/build/sccb.o
                0x100030f0                sccb_scan
 .text.sccb_read_byt
                0x10003120       0x58 c:/Users/trufu/eclipse-workspace/CEW_/build/sccb.o
                0x10003120                sccb_read_byt
 .text.sccb_write_byt
                0x10003178       0x5c c:/Users/trufu/eclipse-workspace/CEW_/build/sccb.o
                0x10003178                sccb_write_byt
 .text.reg_read
                0x100031d4       0x78 c:/Users/trufu/eclipse-workspace/CEW_/build/max20303.o
 .text.reg_write
                0x1000324c       0x60 c:/Users/trufu/eclipse-workspace/CEW_/build/max20303.o
 .text.reg_write_buf.constprop.0
                0x100032ac       0x70 c:/Users/trufu/eclipse-workspace/CEW_/build/max20303.o
 .text.max20303_camera_power
                0x1000331c       0x68 c:/Users/trufu/eclipse-workspace/CEW_/build/max20303.o
                0x1000331c                max20303_camera_power
 .text.max20303_init
                0x10003384       0x68 c:/Users/trufu/eclipse-workspace/CEW_/build/max20303.o
                0x10003384                max20303_init
 .text          0x100033ec      0x148 c:/Users/trufu/eclipse-workspace/CEW_/build/startup_max78000.o
                0x100033ec                Reset_Handler
                0x1000342a                HardFault_Handler
                0x1000342c                MemManage_Handler
                0x1000342e                BusFault_Handler
                0x10003430                UsageFault_Handler
                0x10003432                SVC_Handler
                0x10003434                DebugMon_Handler
                0x10003436                PendSV_Handler
                0x10003438                SysTick_Handler
                0x1000343a                Default_Handler
                0x1000343c                PF_IRQHandler
                0x1000343e                WDT0_IRQHandler
                0x10003440                RSV02_IRQHandler
                0x10003442                RTC_IRQHandler
                0x10003444                TRNG_IRQHandler
                0x10003446                TMR0_IRQHandler
                0x10003448                TMR1_IRQHandler
                0x1000344a                TMR2_IRQHandler
                0x1000344c                TMR3_IRQHandler
                0x1000344e                TMR4_IRQHandler
                0x10003450                TMR5_IRQHandler
                0x10003452                RSV11_IRQHandler
                0x10003454                RSV12_IRQHandler
                0x10003456                I2C0_IRQHandler
                0x10003458                UART0_IRQHandler
                0x1000345a                UART1_IRQHandler
                0x1000345c                SPI1_IRQHandler
                0x1000345e                RSV17_IRQHandler
                0x10003460                RSV18_IRQHandler
                0x10003462                RSV19_IRQHandler
                0x10003464                ADC_IRQHandler
                0x10003466                RSV21_IRQHandler
                0x10003468                RSV22_IRQHandler
                0x1000346a                FLC0_IRQHandler
                0x10003472                RSV27_IRQHandler
                0x10003474                DMA0_IRQHandler
                0x10003476                DMA1_IRQHandler
                0x10003478                DMA2_IRQHandler
                0x1000347a                DMA3_IRQHandler
                0x1000347c                RSV32_IRQHandler
                0x1000347e                RSV33_IRQHandler
                0x10003480                UART2_IRQHandler
                0x10003482                RSV35_IRQHandler
                0x10003484                I2C1_IRQHandler
                0x10003486                RSV37_IRQHandler
                0x10003488                RSV38_IRQHandler
                0x1000348a                RSV39_IRQHandler
                0x1000348c                RSV40_IRQHandler
                0x1000348e                RSV41_IRQHandler
                0x10003490                RSV42_IRQHandler
                0x10003492                RSV43_IRQHandler
                0x10003494                RSV44_IRQHandler
                0x10003496                RSV45_IRQHandler
                0x10003498                RSV46_IRQHandler
                0x1000349a                RSV47_IRQHandler
                0x1000349c                RSV48_IRQHandler
                0x1000349e                RSV49_IRQHandler
                0x100034a0                RSV50_IRQHandler
                0x100034a2                RSV51_IRQHandler
                0x100034a4                RSV52_IRQHandler
                0x100034a6                WUT_IRQHandler
                0x100034a8                GPIOWAKE_IRQHandler
                0x100034aa                RSV55_IRQHandler
                0x100034ac                SPI0_IRQHandler
                0x100034ae                WDT1_IRQHandler
                0x100034b0                RSV58_IRQHandler
                0x100034b2                PT_IRQHandler
                0x100034b4                RSV60_IRQHandler
                0x100034b6                RSV61_IRQHandler
                0x100034b8                I2C2_IRQHandler
                0x100034ba                RISCV_IRQHandler
                0x100034bc                RSV64_IRQHandler
                0x100034be                RSV65_IRQHandler
                0x100034c0                RSV66_IRQHandler
                0x100034c2                OWM_IRQHandler
                0x100034c4                RSV68_IRQHandler
                0x100034c6                RSV69_IRQHandler
                0x100034c8                RSV70_IRQHandler
                0x100034ca                RSV71_IRQHandler
                0x100034cc                RSV72_IRQHandler
                0x100034ce                RSV73_IRQHandler
                0x100034d0                RSV74_IRQHandler
                0x100034d2                RSV75_IRQHandler
                0x100034d4                RSV76_IRQHandler
                0x100034d6                RSV77_IRQHandler
                0x100034d8                RSV78_IRQHandler
                0x100034da                RSV79_IRQHandler
                0x100034dc                RSV80_IRQHandler
                0x100034de                RSV81_IRQHandler
                0x100034e0                ECC_IRQHandler
                0x100034e2                DVS_IRQHandler
                0x100034e4                SIMO_IRQHandler
                0x100034e6                RSV85_IRQHandler
                0x100034e8                RSV86_IRQHandler
                0x100034ea                RSV87_IRQHandler
                0x100034ec                UART3_IRQHandler
                0x100034ee                RSV89_IRQHandler
                0x100034f0                RSV90_IRQHandler
                0x100034f2                PCIF_IRQHandler
                0x100034f4                RSV92_IRQHandler
                0x100034f6                RSV93_IRQHandler
                0x100034f8                RSV94_IRQHandler
                0x100034fa                RSV95_IRQHandler
                0x100034fc                RSV96_IRQHandler
                0x100034fe                AES_IRQHandler
                0x10003500                RSV98_IRQHandler
                0x10003502                I2S_IRQHandler
                0x10003504                CNN_FIFO_IRQHandler
                0x10003506                CNN_IRQHandler
                0x10003508                RSV102_IRQHandler
                0x1000350a                LPCMP_IRQHandler
 .text._sbrk    0x10003534       0x40 c:/Users/trufu/eclipse-workspace/CEW_/build/heap.o
                0x10003534                _sbrk
 .text.SystemCoreClockUpdate
                0x10003574       0x6c c:/Users/trufu/eclipse-workspace/CEW_/build/system_max78000.o
                0x10003574                SystemCoreClockUpdate
 .text.PreInit  0x100035e0        0x4 c:/Users/trufu/eclipse-workspace/CEW_/build/system_max78000.o
                0x100035e0                PreInit
 .text.SystemInit
                0x100035e4       0x38 c:/Users/trufu/eclipse-workspace/CEW_/build/system_max78000.o
                0x100035e4                SystemInit
 .text.MXC_DelayInit
                0x1000361c       0x80 c:/MaximSDK/Libraries/PeriphDrivers/bin/MAX78000/softfp/libPeriphDriver_softfp.a(mxc_delay.o)
 .text.MXC_DelayAsync
                0x1000369c       0x3c c:/MaximSDK/Libraries/PeriphDrivers/bin/MAX78000/softfp/libPeriphDriver_softfp.a(mxc_delay.o)
                0x1000369c                MXC_DelayAsync
 .text.MXC_DelayAbort
                0x100036d8       0x34 c:/MaximSDK/Libraries/PeriphDrivers/bin/MAX78000/softfp/libPeriphDriver_softfp.a(mxc_delay.o)
                0x100036d8                MXC_DelayAbort
 .text.MXC_DelayCheck
                0x1000370c       0x58 c:/MaximSDK/Libraries/PeriphDrivers/bin/MAX78000/softfp/libPeriphDriver_softfp.a(mxc_delay.o)
                0x1000370c                MXC_DelayCheck
 .text.MXC_Delay
                0x10003764       0x4c c:/MaximSDK/Libraries/PeriphDrivers/bin/MAX78000/softfp/libPeriphDriver_softfp.a(mxc_delay.o)
                0x10003764                MXC_Delay
 .text.MXC_SYS_IsClockEnabled
                0x100037b0       0x34 c:/MaximSDK/Libraries/PeriphDrivers/bin/MAX78000/softfp/libPeriphDriver_softfp.a(sys_ai85.o)
                0x100037b0                MXC_SYS_IsClockEnabled
 .text.MXC_SYS_ClockDisable
                0x100037e4       0x44 c:/MaximSDK/Libraries/PeriphDrivers/bin/MAX78000/softfp/libPeriphDriver_softfp.a(sys_ai85.o)
                0x100037e4                MXC_SYS_ClockDisable
 .text.MXC_SYS_ClockEnable
                0x10003828       0x4c c:/MaximSDK/Libraries/PeriphDrivers/bin/MAX78000/softfp/libPeriphDriver_softfp.a(sys_ai85.o)
                0x10003828                MXC_SYS_ClockEnable
 .text.MXC_SYS_Clock_Timeout
                0x10003874       0x2e c:/MaximSDK/Libraries/PeriphDrivers/bin/MAX78000/softfp/libPeriphDriver_softfp.a(sys_ai85.o)
                0x10003874                MXC_SYS_Clock_Timeout
 .text.MXC_SYS_ClockSourceEnable
                0x100038a2       0x6c c:/MaximSDK/Libraries/PeriphDrivers/bin/MAX78000/softfp/libPeriphDriver_softfp.a(sys_ai85.o)
                0x100038a2                MXC_SYS_ClockSourceEnable
 .text.MXC_SYS_Clock_Select
                0x1000390e       0xde c:/MaximSDK/Libraries/PeriphDrivers/bin/MAX78000/softfp/libPeriphDriver_softfp.a(sys_ai85.o)
                0x1000390e                MXC_SYS_Clock_Select
 .text.MXC_SYS_Reset_Periph
                0x100039ec       0x4c c:/MaximSDK/Libraries/PeriphDrivers/bin/MAX78000/softfp/libPeriphDriver_softfp.a(sys_ai85.o)
                0x100039ec                MXC_SYS_Reset_Periph
 .text.NVIC_SetRAM
                0x10003a38       0x24 c:/MaximSDK/Libraries/PeriphDrivers/bin/MAX78000/softfp/libPeriphDriver_softfp.a(nvic_table.o)
                0x10003a38                NVIC_SetRAM
 .text.NVIC_SetVector
                0x10003a5c       0x3c c:/MaximSDK/Libraries/PeriphDrivers/bin/MAX78000/softfp/libPeriphDriver_softfp.a(nvic_table.o)
                0x10003a5c                NVIC_SetVector
 .text.MXC_PCIF_Init
                0x10003a98       0x68 c:/MaximSDK/Libraries/PeriphDrivers/bin/MAX78000/softfp/libPeriphDriver_softfp.a(cameraif_ai85.o)
                0x10003a98                MXC_PCIF_Init
 .text.MXC_PCIF_SetDataWidth
                0x10003b00        0xc c:/MaximSDK/Libraries/PeriphDrivers/bin/MAX78000/softfp/libPeriphDriver_softfp.a(cameraif_ai85.o)
                0x10003b00                MXC_PCIF_SetDataWidth
 .text.MXC_PCIF_SetTimingSel
                0x10003b0c        0xc c:/MaximSDK/Libraries/PeriphDrivers/bin/MAX78000/softfp/libPeriphDriver_softfp.a(cameraif_ai85.o)
                0x10003b0c                MXC_PCIF_SetTimingSel
 .text.MXC_PCIF_SetThreshold
                0x10003b18        0xc c:/MaximSDK/Libraries/PeriphDrivers/bin/MAX78000/softfp/libPeriphDriver_softfp.a(cameraif_ai85.o)
                0x10003b18                MXC_PCIF_SetThreshold
 .text.MXC_PCIF_EnableInt
                0x10003b24        0xc c:/MaximSDK/Libraries/PeriphDrivers/bin/MAX78000/softfp/libPeriphDriver_softfp.a(cameraif_ai85.o)
                0x10003b24                MXC_PCIF_EnableInt
 .text.MXC_PCIF_DisableInt
                0x10003b30        0xc c:/MaximSDK/Libraries/PeriphDrivers/bin/MAX78000/softfp/libPeriphDriver_softfp.a(cameraif_ai85.o)
                0x10003b30                MXC_PCIF_DisableInt
 .text.MXC_PCIF_Start
                0x10003b3c        0xc c:/MaximSDK/Libraries/PeriphDrivers/bin/MAX78000/softfp/libPeriphDriver_softfp.a(cameraif_ai85.o)
                0x10003b3c                MXC_PCIF_Start
 .text.MXC_PCIF_RevA_SetDatawidth
                0x10003b48       0x12 c:/MaximSDK/Libraries/PeriphDrivers/bin/MAX78000/softfp/libPeriphDriver_softfp.a(cameraif_reva.o)
                0x10003b48                MXC_PCIF_RevA_SetDatawidth
 .text.MXC_PCIF_RevA_SetTimingSel
                0x10003b5a       0x12 c:/MaximSDK/Libraries/PeriphDrivers/bin/MAX78000/softfp/libPeriphDriver_softfp.a(cameraif_reva.o)
                0x10003b5a                MXC_PCIF_RevA_SetTimingSel
 .text.MXC_PCIF_RevA_SetThreshold
                0x10003b6c       0x16 c:/MaximSDK/Libraries/PeriphDrivers/bin/MAX78000/softfp/libPeriphDriver_softfp.a(cameraif_reva.o)
                0x10003b6c                MXC_PCIF_RevA_SetThreshold
 .text.MXC_PCIF_RevA_EnableInt
                0x10003b82        0xc c:/MaximSDK/Libraries/PeriphDrivers/bin/MAX78000/softfp/libPeriphDriver_softfp.a(cameraif_reva.o)
                0x10003b82                MXC_PCIF_RevA_EnableInt
 .text.MXC_PCIF_RevA_DisableInt
                0x10003b8e        0xe c:/MaximSDK/Libraries/PeriphDrivers/bin/MAX78000/softfp/libPeriphDriver_softfp.a(cameraif_reva.o)
                0x10003b8e                MXC_PCIF_RevA_DisableInt
 .text.MXC_PCIF_RevA_Start
                0x10003b9c       0x14 c:/MaximSDK/Libraries/PeriphDrivers/bin/MAX78000/softfp/libPeriphDriver_softfp.a(cameraif_reva.o)
                0x10003b9c                MXC_PCIF_RevA_Start
 .text.MXC_DMA_Init
                0x10003bb0       0x28 c:/MaximSDK/Libraries/PeriphDrivers/bin/MAX78000/softfp/libPeriphDriver_softfp.a(dma_me17.o)
                0x10003bb0                MXC_DMA_Init
 .text.MXC_DMA_AcquireChannel
                0x10003bd8        0xc c:/MaximSDK/Libraries/PeriphDrivers/bin/MAX78000/softfp/libPeriphDriver_softfp.a(dma_me17.o)
                0x10003bd8                MXC_DMA_AcquireChannel
 .text.MXC_DMA_SetCallback
                0x10003be4        0x4 c:/MaximSDK/Libraries/PeriphDrivers/bin/MAX78000/softfp/libPeriphDriver_softfp.a(dma_me17.o)
                0x10003be4                MXC_DMA_SetCallback
 .text.MXC_DMA_ChannelClearFlags
                0x10003be8        0x4 c:/MaximSDK/Libraries/PeriphDrivers/bin/MAX78000/softfp/libPeriphDriver_softfp.a(dma_me17.o)
                0x10003be8                MXC_DMA_ChannelClearFlags
 .text.MXC_DMA_Handler
                0x10003bec        0xc c:/MaximSDK/Libraries/PeriphDrivers/bin/MAX78000/softfp/libPeriphDriver_softfp.a(dma_me17.o)
                0x10003bec                MXC_DMA_Handler
 .text.MXC_DMA_RevA_Init
                0x10003bf8       0x8c c:/MaximSDK/Libraries/PeriphDrivers/bin/MAX78000/softfp/libPeriphDriver_softfp.a(dma_reva.o)
                0x10003bf8                MXC_DMA_RevA_Init
 .text.MXC_DMA_RevA_AcquireChannel
                0x10003c84       0x6c c:/MaximSDK/Libraries/PeriphDrivers/bin/MAX78000/softfp/libPeriphDriver_softfp.a(dma_reva.o)
                0x10003c84                MXC_DMA_RevA_AcquireChannel
 .text.MXC_DMA_RevA_SetCallback
                0x10003cf0       0x20 c:/MaximSDK/Libraries/PeriphDrivers/bin/MAX78000/softfp/libPeriphDriver_softfp.a(dma_reva.o)
                0x10003cf0                MXC_DMA_RevA_SetCallback
 .text.MXC_DMA_RevA_ChannelGetFlags
                0x10003d10       0x20 c:/MaximSDK/Libraries/PeriphDrivers/bin/MAX78000/softfp/libPeriphDriver_softfp.a(dma_reva.o)
                0x10003d10                MXC_DMA_RevA_ChannelGetFlags
 .text.MXC_DMA_RevA_ChannelClearFlags
                0x10003d30       0x2c c:/MaximSDK/Libraries/PeriphDrivers/bin/MAX78000/softfp/libPeriphDriver_softfp.a(dma_reva.o)
                0x10003d30                MXC_DMA_RevA_ChannelClearFlags
 .text.MXC_DMA_RevA_Handler
                0x10003d5c       0x64 c:/MaximSDK/Libraries/PeriphDrivers/bin/MAX78000/softfp/libPeriphDriver_softfp.a(dma_reva.o)
                0x10003d5c                MXC_DMA_RevA_Handler
 .text.MXC_GPIO_Init
                0x10003dc0       0x22 c:/MaximSDK/Libraries/PeriphDrivers/bin/MAX78000/softfp/libPeriphDriver_softfp.a(gpio_ai85.o)
                0x10003dc0                MXC_GPIO_Init
 *fill*         0x10003de2        0x2 
 .text.MXC_GPIO_Config
                0x10003de4      0x1e0 c:/MaximSDK/Libraries/PeriphDrivers/bin/MAX78000/softfp/libPeriphDriver_softfp.a(gpio_ai85.o)
                0x10003de4                MXC_GPIO_Config
 .text.MXC_GPIO_InGet
                0x10003fc4       0x30 c:/MaximSDK/Libraries/PeriphDrivers/bin/MAX78000/softfp/libPeriphDriver_softfp.a(gpio_ai85.o)
                0x10003fc4                MXC_GPIO_InGet
 .text.MXC_GPIO_OutSet
                0x10003ff4       0x34 c:/MaximSDK/Libraries/PeriphDrivers/bin/MAX78000/softfp/libPeriphDriver_softfp.a(gpio_ai85.o)
                0x10003ff4                MXC_GPIO_OutSet
 .text.MXC_GPIO_OutClr
                0x10004028       0x34 c:/MaximSDK/Libraries/PeriphDrivers/bin/MAX78000/softfp/libPeriphDriver_softfp.a(gpio_ai85.o)
                0x10004028                MXC_GPIO_OutClr
 .text.MXC_GPIO_Handler
                0x1000405c        0x4 c:/MaximSDK/Libraries/PeriphDrivers/bin/MAX78000/softfp/libPeriphDriver_softfp.a(gpio_ai85.o)
                0x1000405c                MXC_GPIO_Handler
 .text.MXC_GPIO_ClearFlags
                0x10004060        0x4 c:/MaximSDK/Libraries/PeriphDrivers/bin/MAX78000/softfp/libPeriphDriver_softfp.a(gpio_ai85.o)
                0x10004060                MXC_GPIO_ClearFlags
 .text.MXC_GPIO_GetFlags
                0x10004064        0x4 c:/MaximSDK/Libraries/PeriphDrivers/bin/MAX78000/softfp/libPeriphDriver_softfp.a(gpio_ai85.o)
                0x10004064                MXC_GPIO_GetFlags
 .text.MXC_GPIO_SetVSSEL
                0x10004068        0x4 c:/MaximSDK/Libraries/PeriphDrivers/bin/MAX78000/softfp/libPeriphDriver_softfp.a(gpio_ai85.o)
                0x10004068                MXC_GPIO_SetVSSEL
 .text.MXC_GPIO_RevA_InGet
                0x1000406c        0x6 c:/MaximSDK/Libraries/PeriphDrivers/bin/MAX78000/softfp/libPeriphDriver_softfp.a(gpio_reva.o)
                0x1000406c                MXC_GPIO_RevA_InGet
 .text.MXC_GPIO_RevA_OutSet
                0x10004072        0x4 c:/MaximSDK/Libraries/PeriphDrivers/bin/MAX78000/softfp/libPeriphDriver_softfp.a(gpio_reva.o)
                0x10004072                MXC_GPIO_RevA_OutSet
 .text.MXC_GPIO_RevA_OutClr
                0x10004076        0x4 c:/MaximSDK/Libraries/PeriphDrivers/bin/MAX78000/softfp/libPeriphDriver_softfp.a(gpio_reva.o)
                0x10004076                MXC_GPIO_RevA_OutClr
 .text.MXC_GPIO_RevA_ClearFlags
                0x1000407a        0x4 c:/MaximSDK/Libraries/PeriphDrivers/bin/MAX78000/softfp/libPeriphDriver_softfp.a(gpio_reva.o)
                0x1000407a                MXC_GPIO_RevA_ClearFlags
 .text.MXC_GPIO_RevA_GetFlags
                0x1000407e        0x4 c:/MaximSDK/Libraries/PeriphDrivers/bin/MAX78000/softfp/libPeriphDriver_softfp.a(gpio_reva.o)
                0x1000407e                MXC_GPIO_RevA_GetFlags
 .text.MXC_GPIO_RevA_SetVSSEL
                0x10004082       0x24 c:/MaximSDK/Libraries/PeriphDrivers/bin/MAX78000/softfp/libPeriphDriver_softfp.a(gpio_reva.o)
                0x10004082                MXC_GPIO_RevA_SetVSSEL
 .text.MXC_GPIO_RevA_SetAF
                0x100040a6       0x3a c:/MaximSDK/Libraries/PeriphDrivers/bin/MAX78000/softfp/libPeriphDriver_softfp.a(gpio_reva.o)
                0x100040a6                MXC_GPIO_RevA_SetAF
 .text.MXC_I2C_SetSlaveAddr
                0x100040e0        0x4 c:/MaximSDK/Libraries/PeriphDrivers/bin/MAX78000/softfp/libPeriphDriver_softfp.a(i2c_me17.o)
                0x100040e0                MXC_I2C_SetSlaveAddr
 .text.MXC_I2C_Shutdown
                0x100040e4       0x4c c:/MaximSDK/Libraries/PeriphDrivers/bin/MAX78000/softfp/libPeriphDriver_softfp.a(i2c_me17.o)
                0x100040e4                MXC_I2C_Shutdown
 .text.MXC_I2C_Init
                0x10004130       0x74 c:/MaximSDK/Libraries/PeriphDrivers/bin/MAX78000/softfp/libPeriphDriver_softfp.a(i2c_me17.o)
                0x10004130                MXC_I2C_Init
 .text.MXC_I2C_SetFrequency
                0x100041a4       0x14 c:/MaximSDK/Libraries/PeriphDrivers/bin/MAX78000/softfp/libPeriphDriver_softfp.a(i2c_me17.o)
                0x100041a4                MXC_I2C_SetFrequency
 .text.MXC_I2C_GetFrequency
                0x100041b8        0x4 c:/MaximSDK/Libraries/PeriphDrivers/bin/MAX78000/softfp/libPeriphDriver_softfp.a(i2c_me17.o)
                0x100041b8                MXC_I2C_GetFrequency
 .text.MXC_I2C_ClearRXFIFO
                0x100041bc        0x4 c:/MaximSDK/Libraries/PeriphDrivers/bin/MAX78000/softfp/libPeriphDriver_softfp.a(i2c_me17.o)
                0x100041bc                MXC_I2C_ClearRXFIFO
 .text.MXC_I2C_ClearTXFIFO
                0x100041c0        0x4 c:/MaximSDK/Libraries/PeriphDrivers/bin/MAX78000/softfp/libPeriphDriver_softfp.a(i2c_me17.o)
                0x100041c0                MXC_I2C_ClearTXFIFO
 .text.MXC_I2C_Recover
                0x100041c4        0x4 c:/MaximSDK/Libraries/PeriphDrivers/bin/MAX78000/softfp/libPeriphDriver_softfp.a(i2c_me17.o)
                0x100041c4                MXC_I2C_Recover
 .text.MXC_I2C_SetRXThreshold
                0x100041c8        0x4 c:/MaximSDK/Libraries/PeriphDrivers/bin/MAX78000/softfp/libPeriphDriver_softfp.a(i2c_me17.o)
                0x100041c8                MXC_I2C_SetRXThreshold
 .text.MXC_I2C_SetTXThreshold
                0x100041cc        0x4 c:/MaximSDK/Libraries/PeriphDrivers/bin/MAX78000/softfp/libPeriphDriver_softfp.a(i2c_me17.o)
                0x100041cc                MXC_I2C_SetTXThreshold
 .text.MXC_I2C_RevA_Init
                0x100041d0       0xc4 c:/MaximSDK/Libraries/PeriphDrivers/bin/MAX78000/softfp/libPeriphDriver_softfp.a(i2c_reva.o)
                0x100041d0                MXC_I2C_RevA_Init
 .text.MXC_I2C_RevA_SetSlaveAddr
                0x10004294       0x34 c:/MaximSDK/Libraries/PeriphDrivers/bin/MAX78000/softfp/libPeriphDriver_softfp.a(i2c_reva.o)
                0x10004294                MXC_I2C_RevA_SetSlaveAddr
 .text.MXC_I2C_RevA_SetFrequency
                0x100042c8       0x6c c:/MaximSDK/Libraries/PeriphDrivers/bin/MAX78000/softfp/libPeriphDriver_softfp.a(i2c_reva.o)
                0x100042c8                MXC_I2C_RevA_SetFrequency
 .text.MXC_I2C_RevA_GetFrequency
                0x10004334       0x20 c:/MaximSDK/Libraries/PeriphDrivers/bin/MAX78000/softfp/libPeriphDriver_softfp.a(i2c_reva.o)
                0x10004334                MXC_I2C_RevA_GetFrequency
 .text.MXC_I2C_RevA_ClearRXFIFO
                0x10004354       0x10 c:/MaximSDK/Libraries/PeriphDrivers/bin/MAX78000/softfp/libPeriphDriver_softfp.a(i2c_reva.o)
                0x10004354                MXC_I2C_RevA_ClearRXFIFO
 .text.MXC_I2C_RevA_ClearTXFIFO
                0x10004364       0x10 c:/MaximSDK/Libraries/PeriphDrivers/bin/MAX78000/softfp/libPeriphDriver_softfp.a(i2c_reva.o)
                0x10004364                MXC_I2C_RevA_ClearTXFIFO
 .text.MXC_I2C_RevA_Recover
                0x10004374       0xc2 c:/MaximSDK/Libraries/PeriphDrivers/bin/MAX78000/softfp/libPeriphDriver_softfp.a(i2c_reva.o)
                0x10004374                MXC_I2C_RevA_Recover
 .text.MXC_I2C_RevA_SetRXThreshold
                0x10004436       0x1e c:/MaximSDK/Libraries/PeriphDrivers/bin/MAX78000/softfp/libPeriphDriver_softfp.a(i2c_reva.o)
                0x10004436                MXC_I2C_RevA_SetRXThreshold
 .text.MXC_I2C_RevA_SetTXThreshold
                0x10004454       0x20 c:/MaximSDK/Libraries/PeriphDrivers/bin/MAX78000/softfp/libPeriphDriver_softfp.a(i2c_reva.o)
                0x10004454                MXC_I2C_RevA_SetTXThreshold
 .text.MXC_ICC_Enable
                0x10004474        0x4 c:/MaximSDK/Libraries/PeriphDrivers/bin/MAX78000/softfp/libPeriphDriver_softfp.a(icc_me17.o)
                0x10004474                MXC_ICC_Enable
 .text.MXC_ICC_RevA_Enable
                0x10004478       0x30 c:/MaximSDK/Libraries/PeriphDrivers/bin/MAX78000/softfp/libPeriphDriver_softfp.a(icc_reva.o)
                0x10004478                MXC_ICC_RevA_Enable
 .text.MXC_PT_Init
                0x100044a8       0x90 c:/MaximSDK/Libraries/PeriphDrivers/bin/MAX78000/softfp/libPeriphDriver_softfp.a(pt_me17.o)
                0x100044a8                MXC_PT_Init
 .text.MXC_PT_Config
                0x10004538       0x4c c:/MaximSDK/Libraries/PeriphDrivers/bin/MAX78000/softfp/libPeriphDriver_softfp.a(pt_me17.o)
                0x10004538                MXC_PT_Config
 .text.MXC_PT_SqrWaveConfig
                0x10004584       0x20 c:/MaximSDK/Libraries/PeriphDrivers/bin/MAX78000/softfp/libPeriphDriver_softfp.a(pt_me17.o)
                0x10004584                MXC_PT_SqrWaveConfig
 .text.MXC_PT_Start
                0x100045a4        0xc c:/MaximSDK/Libraries/PeriphDrivers/bin/MAX78000/softfp/libPeriphDriver_softfp.a(pt_me17.o)
                0x100045a4                MXC_PT_Start
 .text.MXC_PT_IsActive
                0x100045b0        0xc c:/MaximSDK/Libraries/PeriphDrivers/bin/MAX78000/softfp/libPeriphDriver_softfp.a(pt_me17.o)
                0x100045b0                MXC_PT_IsActive
 .text.MXC_PT_RevA_Init
                0x100045bc        0xa c:/MaximSDK/Libraries/PeriphDrivers/bin/MAX78000/softfp/libPeriphDriver_softfp.a(pt_reva.o)
                0x100045bc                MXC_PT_RevA_Init
 *fill*         0x100045c6        0x2 
 .text.MXC_PT_RevA_Config
                0x100045c8       0xb8 c:/MaximSDK/Libraries/PeriphDrivers/bin/MAX78000/softfp/libPeriphDriver_softfp.a(pt_reva.o)
                0x100045c8                MXC_PT_RevA_Config
 .text.MXC_PT_RevA_SqrWaveConfig
                0x10004680       0x14 c:/MaximSDK/Libraries/PeriphDrivers/bin/MAX78000/softfp/libPeriphDriver_softfp.a(pt_reva.o)
                0x10004680                MXC_PT_RevA_SqrWaveConfig
 .text.MXC_PT_RevA_Start
                0x10004694       0x10 c:/MaximSDK/Libraries/PeriphDrivers/bin/MAX78000/softfp/libPeriphDriver_softfp.a(pt_reva.o)
                0x10004694                MXC_PT_RevA_Start
 .text.MXC_PT_RevA_IsActive
                0x100046a4        0xc c:/MaximSDK/Libraries/PeriphDrivers/bin/MAX78000/softfp/libPeriphDriver_softfp.a(pt_reva.o)
                0x100046a4                MXC_PT_RevA_IsActive
 .text.MXC_TMR_Init
                0x100046b0      0x1cc c:/MaximSDK/Libraries/PeriphDrivers/bin/MAX78000/softfp/libPeriphDriver_softfp.a(tmr_ai85.o)
                0x100046b0                MXC_TMR_Init
 .text.MXC_TMR_Start
                0x1000487c        0x4 c:/MaximSDK/Libraries/PeriphDrivers/bin/MAX78000/softfp/libPeriphDriver_softfp.a(tmr_ai85.o)
                0x1000487c                MXC_TMR_Start
 .text.MXC_TMR_Stop
                0x10004880        0x4 c:/MaximSDK/Libraries/PeriphDrivers/bin/MAX78000/softfp/libPeriphDriver_softfp.a(tmr_ai85.o)
                0x10004880                MXC_TMR_Stop
 .text.MXC_TMR_ClearFlags
                0x10004884        0x4 c:/MaximSDK/Libraries/PeriphDrivers/bin/MAX78000/softfp/libPeriphDriver_softfp.a(tmr_ai85.o)
                0x10004884                MXC_TMR_ClearFlags
 .text.MXC_TMR_SetCount
                0x10004888        0x4 c:/MaximSDK/Libraries/PeriphDrivers/bin/MAX78000/softfp/libPeriphDriver_softfp.a(tmr_ai85.o)
                0x10004888                MXC_TMR_SetCount
 .text.MXC_TMR_TO_Start
                0x1000488c        0x4 c:/MaximSDK/Libraries/PeriphDrivers/bin/MAX78000/softfp/libPeriphDriver_softfp.a(tmr_ai85.o)
                0x1000488c                MXC_TMR_TO_Start
 .text.MXC_TMR_TO_Stop
                0x10004890        0x4 c:/MaximSDK/Libraries/PeriphDrivers/bin/MAX78000/softfp/libPeriphDriver_softfp.a(tmr_ai85.o)
                0x10004890                MXC_TMR_TO_Stop
 .text.MXC_TMR_TO_Elapsed
                0x10004894        0x4 c:/MaximSDK/Libraries/PeriphDrivers/bin/MAX78000/softfp/libPeriphDriver_softfp.a(tmr_ai85.o)
                0x10004894                MXC_TMR_TO_Elapsed
 .text.MXC_TMR_SW_Start
                0x10004898        0x4 c:/MaximSDK/Libraries/PeriphDrivers/bin/MAX78000/softfp/libPeriphDriver_softfp.a(tmr_ai85.o)
                0x10004898                MXC_TMR_SW_Start
 .text.MXC_TMR_SW_Stop
                0x1000489c        0x4 c:/MaximSDK/Libraries/PeriphDrivers/bin/MAX78000/softfp/libPeriphDriver_softfp.a(tmr_ai85.o)
                0x1000489c                MXC_TMR_SW_Stop
 .text.MXC_TMR_GetTime
                0x100048a0        0x4 c:/MaximSDK/Libraries/PeriphDrivers/bin/MAX78000/softfp/libPeriphDriver_softfp.a(tmr_ai85.o)
                0x100048a0                MXC_TMR_GetTime
 .text.MXC_TMR_RevB_ConfigGeneric
                0x100048a4       0xd4 c:/MaximSDK/Libraries/PeriphDrivers/bin/MAX78000/softfp/libPeriphDriver_softfp.a(tmr_revb.o)
                0x100048a4                MXC_TMR_RevB_ConfigGeneric
 .text.MXC_TMR_RevB_Init
                0x10004978       0xb8 c:/MaximSDK/Libraries/PeriphDrivers/bin/MAX78000/softfp/libPeriphDriver_softfp.a(tmr_revb.o)
                0x10004978                MXC_TMR_RevB_Init
 .text.MXC_TMR_RevB_Start
                0x10004a30       0x5c c:/MaximSDK/Libraries/PeriphDrivers/bin/MAX78000/softfp/libPeriphDriver_softfp.a(tmr_revb.o)
                0x10004a30                MXC_TMR_RevB_Start
 .text.MXC_TMR_RevB_Stop
                0x10004a8c       0x58 c:/MaximSDK/Libraries/PeriphDrivers/bin/MAX78000/softfp/libPeriphDriver_softfp.a(tmr_revb.o)
                0x10004a8c                MXC_TMR_RevB_Stop
 .text.MXC_TMR_RevB_ClearFlags
                0x10004ae4       0x58 c:/MaximSDK/Libraries/PeriphDrivers/bin/MAX78000/softfp/libPeriphDriver_softfp.a(tmr_revb.o)
                0x10004ae4                MXC_TMR_RevB_ClearFlags
 .text.MXC_TMR_RevB_SetCount
                0x10004b3c       0x5c c:/MaximSDK/Libraries/PeriphDrivers/bin/MAX78000/softfp/libPeriphDriver_softfp.a(tmr_revb.o)
                0x10004b3c                MXC_TMR_RevB_SetCount
 .text.MXC_TMR_RevB_TO_Start
                0x10004b98       0xc8 c:/MaximSDK/Libraries/PeriphDrivers/bin/MAX78000/softfp/libPeriphDriver_softfp.a(tmr_revb.o)
                0x10004b98                MXC_TMR_RevB_TO_Start
 .text.MXC_TMR_RevB_GetTime
                0x10004c60      0x114 c:/MaximSDK/Libraries/PeriphDrivers/bin/MAX78000/softfp/libPeriphDriver_softfp.a(tmr_revb.o)
                0x10004c60                MXC_TMR_RevB_GetTime
 .text.MXC_UART_GetFrequency.part.1
                0x10004d74       0x54 c:/MaximSDK/Libraries/PeriphDrivers/bin/MAX78000/softfp/libPeriphDriver_softfp.a(uart_ai85.o)
 .text.MXC_UART_Shutdown
                0x10004dc8       0x60 c:/MaximSDK/Libraries/PeriphDrivers/bin/MAX78000/softfp/libPeriphDriver_softfp.a(uart_ai85.o)
                0x10004dc8                MXC_UART_Shutdown
 .text.MXC_UART_Init
                0x10004e28       0x98 c:/MaximSDK/Libraries/PeriphDrivers/bin/MAX78000/softfp/libPeriphDriver_softfp.a(uart_ai85.o)
                0x10004e28                MXC_UART_Init
 .text.MXC_UART_SetFrequency
                0x10004ec0       0xb8 c:/MaximSDK/Libraries/PeriphDrivers/bin/MAX78000/softfp/libPeriphDriver_softfp.a(uart_ai85.o)
                0x10004ec0                MXC_UART_SetFrequency
 .text.MXC_UART_GetFrequency
                0x10004f78       0x30 c:/MaximSDK/Libraries/PeriphDrivers/bin/MAX78000/softfp/libPeriphDriver_softfp.a(uart_ai85.o)
                0x10004f78                MXC_UART_GetFrequency
 .text.MXC_UART_SetDataSize
                0x10004fa8        0x4 c:/MaximSDK/Libraries/PeriphDrivers/bin/MAX78000/softfp/libPeriphDriver_softfp.a(uart_ai85.o)
                0x10004fa8                MXC_UART_SetDataSize
 .text.MXC_UART_SetStopBits
                0x10004fac        0x4 c:/MaximSDK/Libraries/PeriphDrivers/bin/MAX78000/softfp/libPeriphDriver_softfp.a(uart_ai85.o)
                0x10004fac                MXC_UART_SetStopBits
 .text.MXC_UART_SetParity
                0x10004fb0        0x4 c:/MaximSDK/Libraries/PeriphDrivers/bin/MAX78000/softfp/libPeriphDriver_softfp.a(uart_ai85.o)
                0x10004fb0                MXC_UART_SetParity
 .text.MXC_UART_ReadCharacterRaw
                0x10004fb4        0x4 c:/MaximSDK/Libraries/PeriphDrivers/bin/MAX78000/softfp/libPeriphDriver_softfp.a(uart_ai85.o)
                0x10004fb4                MXC_UART_ReadCharacterRaw
 .text.MXC_UART_WriteCharacterRaw
                0x10004fb8        0x4 c:/MaximSDK/Libraries/PeriphDrivers/bin/MAX78000/softfp/libPeriphDriver_softfp.a(uart_ai85.o)
                0x10004fb8                MXC_UART_WriteCharacterRaw
 .text.MXC_UART_ReadCharacter
                0x10004fbc        0x4 c:/MaximSDK/Libraries/PeriphDrivers/bin/MAX78000/softfp/libPeriphDriver_softfp.a(uart_ai85.o)
                0x10004fbc                MXC_UART_ReadCharacter
 .text.MXC_UART_WriteCharacter
                0x10004fc0        0x4 c:/MaximSDK/Libraries/PeriphDrivers/bin/MAX78000/softfp/libPeriphDriver_softfp.a(uart_ai85.o)
                0x10004fc0                MXC_UART_WriteCharacter
 .text.MXC_UART_GetRXFIFOAvailable
                0x10004fc4        0x4 c:/MaximSDK/Libraries/PeriphDrivers/bin/MAX78000/softfp/libPeriphDriver_softfp.a(uart_ai85.o)
                0x10004fc4                MXC_UART_GetRXFIFOAvailable
 .text.MXC_UART_GetTXFIFOAvailable
                0x10004fc8        0x4 c:/MaximSDK/Libraries/PeriphDrivers/bin/MAX78000/softfp/libPeriphDriver_softfp.a(uart_ai85.o)
                0x10004fc8                MXC_UART_GetTXFIFOAvailable
 .text.MXC_UART_SetRXThreshold
                0x10004fcc        0x4 c:/MaximSDK/Libraries/PeriphDrivers/bin/MAX78000/softfp/libPeriphDriver_softfp.a(uart_ai85.o)
                0x10004fcc                MXC_UART_SetRXThreshold
 .text.MXC_UART_Common_ReadCharacter
                0x10004fd0       0x18 c:/MaximSDK/Libraries/PeriphDrivers/bin/MAX78000/softfp/libPeriphDriver_softfp.a(uart_common.o)
                0x10004fd0                MXC_UART_Common_ReadCharacter
 .text.MXC_UART_Common_WriteCharacter
                0x10004fe8       0x1c c:/MaximSDK/Libraries/PeriphDrivers/bin/MAX78000/softfp/libPeriphDriver_softfp.a(uart_common.o)
                0x10004fe8                MXC_UART_Common_WriteCharacter
 .text.MXC_UART_RevB_Init
                0x10005004       0x68 c:/MaximSDK/Libraries/PeriphDrivers/bin/MAX78000/softfp/libPeriphDriver_softfp.a(uart_revb.o)
                0x10005004                MXC_UART_RevB_Init
 .text.MXC_UART_RevB_SetFrequency
                0x1000506c       0x88 c:/MaximSDK/Libraries/PeriphDrivers/bin/MAX78000/softfp/libPeriphDriver_softfp.a(uart_revb.o)
                0x1000506c                MXC_UART_RevB_SetFrequency
 .text.MXC_UART_RevB_GetFrequency
                0x100050f4       0x68 c:/MaximSDK/Libraries/PeriphDrivers/bin/MAX78000/softfp/libPeriphDriver_softfp.a(uart_revb.o)
                0x100050f4                MXC_UART_RevB_GetFrequency
 .text.MXC_UART_RevB_SetDataSize
                0x1000515c       0x40 c:/MaximSDK/Libraries/PeriphDrivers/bin/MAX78000/softfp/libPeriphDriver_softfp.a(uart_revb.o)
                0x1000515c                MXC_UART_RevB_SetDataSize
 .text.MXC_UART_RevB_SetStopBits
                0x1000519c       0x44 c:/MaximSDK/Libraries/PeriphDrivers/bin/MAX78000/softfp/libPeriphDriver_softfp.a(uart_revb.o)
                0x1000519c                MXC_UART_RevB_SetStopBits
 .text.MXC_UART_RevB_SetParity
                0x100051e0       0x94 c:/MaximSDK/Libraries/PeriphDrivers/bin/MAX78000/softfp/libPeriphDriver_softfp.a(uart_revb.o)
                0x100051e0                MXC_UART_RevB_SetParity
 .text.MXC_UART_RevB_ReadCharacterRaw
                0x10005274       0x38 c:/MaximSDK/Libraries/PeriphDrivers/bin/MAX78000/softfp/libPeriphDriver_softfp.a(uart_revb.o)
                0x10005274                MXC_UART_RevB_ReadCharacterRaw
 .text.MXC_UART_RevB_WriteCharacterRaw
                0x100052ac       0x3c c:/MaximSDK/Libraries/PeriphDrivers/bin/MAX78000/softfp/libPeriphDriver_softfp.a(uart_revb.o)
                0x100052ac                MXC_UART_RevB_WriteCharacterRaw
 .text.MXC_UART_RevB_GetRXFIFOAvailable
                0x100052e8        0x8 c:/MaximSDK/Libraries/PeriphDrivers/bin/MAX78000/softfp/libPeriphDriver_softfp.a(uart_revb.o)
                0x100052e8                MXC_UART_RevB_GetRXFIFOAvailable
 .text.MXC_UART_RevB_GetTXFIFOAvailable
                0x100052f0        0xc c:/MaximSDK/Libraries/PeriphDrivers/bin/MAX78000/softfp/libPeriphDriver_softfp.a(uart_revb.o)
                0x100052f0                MXC_UART_RevB_GetTXFIFOAvailable
 .text.MXC_UART_RevB_SetRXThreshold
                0x100052fc       0x3c c:/MaximSDK/Libraries/PeriphDrivers/bin/MAX78000/softfp/libPeriphDriver_softfp.a(uart_revb.o)
                0x100052fc                MXC_UART_RevB_SetRXThreshold
 .text.MXC_GetLock
                0x10005338       0x1c c:/MaximSDK/Libraries/PeriphDrivers/bin/MAX78000/softfp/libPeriphDriver_softfp.a(mxc_lock.o)
                0x10005338                MXC_GetLock
 .text.MXC_FreeLock
                0x10005354        0xa c:/MaximSDK/Libraries/PeriphDrivers/bin/MAX78000/softfp/libPeriphDriver_softfp.a(mxc_lock.o)
                0x10005354                MXC_FreeLock
 *fill*         0x1000535e        0x2 
 .text.MXC_GPIO_Common_Init
                0x10005360       0x30 c:/MaximSDK/Libraries/PeriphDrivers/bin/MAX78000/softfp/libPeriphDriver_softfp.a(gpio_common.o)
                0x10005360                MXC_GPIO_Common_Init
 .text.MXC_GPIO_Common_Handler
                0x10005390       0x7c c:/MaximSDK/Libraries/PeriphDrivers/bin/MAX78000/softfp/libPeriphDriver_softfp.a(gpio_common.o)
                0x10005390                MXC_GPIO_Common_Handler
 .text.MXC_TMR_Common_TO_Stop
                0x1000540c       0x14 c:/MaximSDK/Libraries/PeriphDrivers/bin/MAX78000/softfp/libPeriphDriver_softfp.a(tmr_common.o)
                0x1000540c                MXC_TMR_Common_TO_Stop
 .text.MXC_TMR_Common_SW_Start
                0x10005420        0x8 c:/MaximSDK/Libraries/PeriphDrivers/bin/MAX78000/softfp/libPeriphDriver_softfp.a(tmr_common.o)
                0x10005420                MXC_TMR_Common_SW_Start
 .text.MXC_TMR_Common_SW_Stop
                0x10005428       0x14 c:/MaximSDK/Libraries/PeriphDrivers/bin/MAX78000/softfp/libPeriphDriver_softfp.a(tmr_common.o)
                0x10005428                MXC_TMR_Common_SW_Stop
 .text.MXC_TMR_Common_TO_Elapsed
                0x1000543c       0x40 c:/MaximSDK/Libraries/PeriphDrivers/bin/MAX78000/softfp/libPeriphDriver_softfp.a(tmr_common.o)
                0x1000543c                MXC_TMR_Common_TO_Elapsed
 .text.__errno  0x1000547c        0xc c:/maximsdk/tools/gnutools/bin/../lib/gcc/arm-none-eabi/9.2.1/../../../../arm-none-eabi/lib/thumb/v7e-m+fp/softfp\libc.a(lib_a-errno.o)
                0x1000547c                __errno
 .text.__libc_init_array
                0x10005488       0x48 c:/maximsdk/tools/gnutools/bin/../lib/gcc/arm-none-eabi/9.2.1/../../../../arm-none-eabi/lib/thumb/v7e-m+fp/softfp\libc.a(lib_a-init.o)
                0x10005488                __libc_init_array
 .text.malloc   0x100054d0       0x10 c:/maximsdk/tools/gnutools/bin/../lib/gcc/arm-none-eabi/9.2.1/../../../../arm-none-eabi/lib/thumb/v7e-m+fp/softfp\libc.a(lib_a-malloc.o)
                0x100054d0                malloc
 .text.free     0x100054e0       0x10 c:/maximsdk/tools/gnutools/bin/../lib/gcc/arm-none-eabi/9.2.1/../../../../arm-none-eabi/lib/thumb/v7e-m+fp/softfp\libc.a(lib_a-malloc.o)
                0x100054e0                free
 .text._malloc_r
                0x100054f0      0x574 c:/maximsdk/tools/gnutools/bin/../lib/gcc/arm-none-eabi/9.2.1/../../../../arm-none-eabi/lib/thumb/v7e-m+fp/softfp\libc.a(lib_a-mallocr.o)
                0x100054f0                _malloc_r
 .text          0x10005a64      0x134 c:/maximsdk/tools/gnutools/bin/../lib/gcc/arm-none-eabi/9.2.1/../../../../arm-none-eabi/lib/thumb/v7e-m+fp/softfp\libc.a(lib_a-memcpy.o)
                0x10005a64                memcpy
 .text.memset   0x10005b98       0xa0 c:/maximsdk/tools/gnutools/bin/../lib/gcc/arm-none-eabi/9.2.1/../../../../arm-none-eabi/lib/thumb/v7e-m+fp/softfp\libc.a(lib_a-memset.o)
                0x10005b98                memset
 .text.__malloc_lock
                0x10005c38        0xc c:/maximsdk/tools/gnutools/bin/../lib/gcc/arm-none-eabi/9.2.1/../../../../arm-none-eabi/lib/thumb/v7e-m+fp/softfp\libc.a(lib_a-mlock.o)
                0x10005c38                __malloc_lock
 .text.__malloc_unlock
                0x10005c44        0xc c:/maximsdk/tools/gnutools/bin/../lib/gcc/arm-none-eabi/9.2.1/../../../../arm-none-eabi/lib/thumb/v7e-m+fp/softfp\libc.a(lib_a-mlock.o)
                0x10005c44                __malloc_unlock
 .text.printf   0x10005c50       0x28 c:/maximsdk/tools/gnutools/bin/../lib/gcc/arm-none-eabi/9.2.1/../../../../arm-none-eabi/lib/thumb/v7e-m+fp/softfp\libc.a(lib_a-printf.o)
                0x10005c50                printf
 .text.putchar  0x10005c78       0x14 c:/maximsdk/tools/gnutools/bin/../lib/gcc/arm-none-eabi/9.2.1/../../../../arm-none-eabi/lib/thumb/v7e-m+fp/softfp\libc.a(lib_a-putchar.o)
                0x10005c78                putchar
 .text._puts_r  0x10005c8c       0x9c c:/maximsdk/tools/gnutools/bin/../lib/gcc/arm-none-eabi/9.2.1/../../../../arm-none-eabi/lib/thumb/v7e-m+fp/softfp\libc.a(lib_a-puts.o)
                0x10005c8c                _puts_r
 .text.puts     0x10005d28       0x10 c:/maximsdk/tools/gnutools/bin/../lib/gcc/arm-none-eabi/9.2.1/../../../../arm-none-eabi/lib/thumb/v7e-m+fp/softfp\libc.a(lib_a-puts.o)
                0x10005d28                puts
 .text._sbrk_r  0x10005d38       0x24 c:/maximsdk/tools/gnutools/bin/../lib/gcc/arm-none-eabi/9.2.1/../../../../arm-none-eabi/lib/thumb/v7e-m+fp/softfp\libc.a(lib_a-sbrkr.o)
                0x10005d38                _sbrk_r
 .text.sprintf  0x10005d5c       0x44 c:/maximsdk/tools/gnutools/bin/../lib/gcc/arm-none-eabi/9.2.1/../../../../arm-none-eabi/lib/thumb/v7e-m+fp/softfp\libc.a(lib_a-sprintf.o)
                0x10005d5c                sprintf
 *fill*         0x10005da0       0x20 
 .text          0x10005dc0       0xdc c:/maximsdk/tools/gnutools/bin/../lib/gcc/arm-none-eabi/9.2.1/../../../../arm-none-eabi/lib/thumb/v7e-m+fp/softfp\libc.a(lib_a-strlen.o)
                0x10005dc0                strlen
 *fill*         0x10005e9c        0x4 
 .text._svfprintf_r
                0x10005ea0     0x1b34 c:/maximsdk/tools/gnutools/bin/../lib/gcc/arm-none-eabi/9.2.1/../../../../arm-none-eabi/lib/thumb/v7e-m+fp/softfp\libc.a(lib_a-svfprintf.o)
                0x10005ea0                _svfprintf_r
 *fill*         0x100079d4        0x4 
 .text._vfprintf_r
                0x100079d8     0x1bdc c:/maximsdk/tools/gnutools/bin/../lib/gcc/arm-none-eabi/9.2.1/../../../../arm-none-eabi/lib/thumb/v7e-m+fp/softfp\libc.a(lib_a-vfprintf.o)
                0x100079d8                _vfprintf_r
 .text.__sbprintf
                0x100095b4       0x84 c:/maximsdk/tools/gnutools/bin/../lib/gcc/arm-none-eabi/9.2.1/../../../../arm-none-eabi/lib/thumb/v7e-m+fp/softfp\libc.a(lib_a-vfprintf.o)
 .text.__swsetup_r
                0x10009638       0xd0 c:/maximsdk/tools/gnutools/bin/../lib/gcc/arm-none-eabi/9.2.1/../../../../arm-none-eabi/lib/thumb/v7e-m+fp/softfp\libc.a(lib_a-wsetup.o)
                0x10009638                __swsetup_r
 .text.startup.register_fini
                0x10009708       0x14 c:/maximsdk/tools/gnutools/bin/../lib/gcc/arm-none-eabi/9.2.1/../../../../arm-none-eabi/lib/thumb/v7e-m+fp/softfp\libc.a(lib_a-__call_atexit.o)
 .text.atexit   0x1000971c        0xc c:/maximsdk/tools/gnutools/bin/../lib/gcc/arm-none-eabi/9.2.1/../../../../arm-none-eabi/lib/thumb/v7e-m+fp/softfp\libc.a(lib_a-atexit.o)
                0x1000971c                atexit
 .text.quorem   0x10009728      0x11c c:/maximsdk/tools/gnutools/bin/../lib/gcc/arm-none-eabi/9.2.1/../../../../arm-none-eabi/lib/thumb/v7e-m+fp/softfp\libc.a(lib_a-dtoa.o)
 *fill*         0x10009844        0x4 
 .text._dtoa_r  0x10009848      0xeec c:/maximsdk/tools/gnutools/bin/../lib/gcc/arm-none-eabi/9.2.1/../../../../arm-none-eabi/lib/thumb/v7e-m+fp/softfp\libc.a(lib_a-dtoa.o)
                0x10009848                _dtoa_r
 .text.__sflush_r
                0x1000a734      0x130 c:/maximsdk/tools/gnutools/bin/../lib/gcc/arm-none-eabi/9.2.1/../../../../arm-none-eabi/lib/thumb/v7e-m+fp/softfp\libc.a(lib_a-fflush.o)
                0x1000a734                __sflush_r
 .text._fflush_r
                0x1000a864       0x5c c:/maximsdk/tools/gnutools/bin/../lib/gcc/arm-none-eabi/9.2.1/../../../../arm-none-eabi/lib/thumb/v7e-m+fp/softfp\libc.a(lib_a-fflush.o)
                0x1000a864                _fflush_r
 .text.std      0x1000a8c0       0x50 c:/maximsdk/tools/gnutools/bin/../lib/gcc/arm-none-eabi/9.2.1/../../../../arm-none-eabi/lib/thumb/v7e-m+fp/softfp\libc.a(lib_a-findfp.o)
 .text._cleanup_r
                0x1000a910        0xc c:/maximsdk/tools/gnutools/bin/../lib/gcc/arm-none-eabi/9.2.1/../../../../arm-none-eabi/lib/thumb/v7e-m+fp/softfp\libc.a(lib_a-findfp.o)
                0x1000a910                _cleanup_r
 .text.__sinit  0x1000a91c       0x54 c:/maximsdk/tools/gnutools/bin/../lib/gcc/arm-none-eabi/9.2.1/../../../../arm-none-eabi/lib/thumb/v7e-m+fp/softfp\libc.a(lib_a-findfp.o)
                0x1000a91c                __sinit
 .text.__sfp_lock_acquire
                0x1000a970        0xc c:/maximsdk/tools/gnutools/bin/../lib/gcc/arm-none-eabi/9.2.1/../../../../arm-none-eabi/lib/thumb/v7e-m+fp/softfp\libc.a(lib_a-findfp.o)
                0x1000a970                __sfp_lock_acquire
 .text.__sfp_lock_release
                0x1000a97c        0xc c:/maximsdk/tools/gnutools/bin/../lib/gcc/arm-none-eabi/9.2.1/../../../../arm-none-eabi/lib/thumb/v7e-m+fp/softfp\libc.a(lib_a-findfp.o)
                0x1000a97c                __sfp_lock_release
 .text.__libc_fini_array
                0x1000a988       0x2c c:/maximsdk/tools/gnutools/bin/../lib/gcc/arm-none-eabi/9.2.1/../../../../arm-none-eabi/lib/thumb/v7e-m+fp/softfp\libc.a(lib_a-fini.o)
                0x1000a988                __libc_fini_array
 .text._malloc_trim_r
                0x1000a9b4       0xa0 c:/maximsdk/tools/gnutools/bin/../lib/gcc/arm-none-eabi/9.2.1/../../../../arm-none-eabi/lib/thumb/v7e-m+fp/softfp\libc.a(lib_a-freer.o)
                0x1000a9b4                _malloc_trim_r
 .text._free_r  0x1000aa54      0x208 c:/maximsdk/tools/gnutools/bin/../lib/gcc/arm-none-eabi/9.2.1/../../../../arm-none-eabi/lib/thumb/v7e-m+fp/softfp\libc.a(lib_a-freer.o)
                0x1000aa54                _free_r
 .text.__sfvwrite_r
                0x1000ac5c      0x2e0 c:/maximsdk/tools/gnutools/bin/../lib/gcc/arm-none-eabi/9.2.1/../../../../arm-none-eabi/lib/thumb/v7e-m+fp/softfp\libc.a(lib_a-fvwrite.o)
                0x1000ac5c                __sfvwrite_r
 .text._fwalk_reent
                0x1000af3c       0x48 c:/maximsdk/tools/gnutools/bin/../lib/gcc/arm-none-eabi/9.2.1/../../../../arm-none-eabi/lib/thumb/v7e-m+fp/softfp\libc.a(lib_a-fwalk.o)
                0x1000af3c                _fwalk_reent
 .text._localeconv_r
                0x1000af84        0x8 c:/maximsdk/tools/gnutools/bin/../lib/gcc/arm-none-eabi/9.2.1/../../../../arm-none-eabi/lib/thumb/v7e-m+fp/softfp\libc.a(lib_a-localeconv.o)
                0x1000af84                _localeconv_r
 .text.__retarget_lock_init_recursive
                0x1000af8c        0x4 c:/maximsdk/tools/gnutools/bin/../lib/gcc/arm-none-eabi/9.2.1/../../../../arm-none-eabi/lib/thumb/v7e-m+fp/softfp\libc.a(lib_a-lock.o)
                0x1000af8c                __retarget_lock_init_recursive
 .text.__retarget_lock_close_recursive
                0x1000af90        0x4 c:/maximsdk/tools/gnutools/bin/../lib/gcc/arm-none-eabi/9.2.1/../../../../arm-none-eabi/lib/thumb/v7e-m+fp/softfp\libc.a(lib_a-lock.o)
                0x1000af90                __retarget_lock_close_recursive
 .text.__retarget_lock_acquire_recursive
                0x1000af94        0x4 c:/maximsdk/tools/gnutools/bin/../lib/gcc/arm-none-eabi/9.2.1/../../../../arm-none-eabi/lib/thumb/v7e-m+fp/softfp\libc.a(lib_a-lock.o)
                0x1000af94                __retarget_lock_acquire_recursive
 .text.__retarget_lock_release_recursive
                0x1000af98        0x4 c:/maximsdk/tools/gnutools/bin/../lib/gcc/arm-none-eabi/9.2.1/../../../../arm-none-eabi/lib/thumb/v7e-m+fp/softfp\libc.a(lib_a-lock.o)
                0x1000af98                __retarget_lock_release_recursive
 .text.__swhatbuf_r
                0x1000af9c       0x5c c:/maximsdk/tools/gnutools/bin/../lib/gcc/arm-none-eabi/9.2.1/../../../../arm-none-eabi/lib/thumb/v7e-m+fp/softfp\libc.a(lib_a-makebuf.o)
                0x1000af9c                __swhatbuf_r
 .text.__smakebuf_r
                0x1000aff8       0x98 c:/maximsdk/tools/gnutools/bin/../lib/gcc/arm-none-eabi/9.2.1/../../../../arm-none-eabi/lib/thumb/v7e-m+fp/softfp\libc.a(lib_a-makebuf.o)
                0x1000aff8                __smakebuf_r
 .text          0x1000b090       0xa0 c:/maximsdk/tools/gnutools/bin/../lib/gcc/arm-none-eabi/9.2.1/../../../../arm-none-eabi/lib/thumb/v7e-m+fp/softfp\libc.a(lib_a-memchr.o)
                0x1000b090                memchr
 .text.memmove  0x1000b130       0xd8 c:/maximsdk/tools/gnutools/bin/../lib/gcc/arm-none-eabi/9.2.1/../../../../arm-none-eabi/lib/thumb/v7e-m+fp/softfp\libc.a(lib_a-memmove.o)
                0x1000b130                memmove
 .text._Balloc  0x1000b208       0x4c c:/maximsdk/tools/gnutools/bin/../lib/gcc/arm-none-eabi/9.2.1/../../../../arm-none-eabi/lib/thumb/v7e-m+fp/softfp\libc.a(lib_a-mprec.o)
                0x1000b208                _Balloc
 .text._Bfree   0x1000b254       0x14 c:/maximsdk/tools/gnutools/bin/../lib/gcc/arm-none-eabi/9.2.1/../../../../arm-none-eabi/lib/thumb/v7e-m+fp/softfp\libc.a(lib_a-mprec.o)
                0x1000b254                _Bfree
 .text.__multadd
                0x1000b268       0x8c c:/maximsdk/tools/gnutools/bin/../lib/gcc/arm-none-eabi/9.2.1/../../../../arm-none-eabi/lib/thumb/v7e-m+fp/softfp\libc.a(lib_a-mprec.o)
                0x1000b268                __multadd
 .text.__hi0bits
                0x1000b2f4       0x40 c:/maximsdk/tools/gnutools/bin/../lib/gcc/arm-none-eabi/9.2.1/../../../../arm-none-eabi/lib/thumb/v7e-m+fp/softfp\libc.a(lib_a-mprec.o)
                0x1000b2f4                __hi0bits
 .text.__lo0bits
                0x1000b334       0x60 c:/maximsdk/tools/gnutools/bin/../lib/gcc/arm-none-eabi/9.2.1/../../../../arm-none-eabi/lib/thumb/v7e-m+fp/softfp\libc.a(lib_a-mprec.o)
                0x1000b334                __lo0bits
 .text.__i2b    0x1000b394       0x14 c:/maximsdk/tools/gnutools/bin/../lib/gcc/arm-none-eabi/9.2.1/../../../../arm-none-eabi/lib/thumb/v7e-m+fp/softfp\libc.a(lib_a-mprec.o)
                0x1000b394                __i2b
 .text.__multiply
                0x1000b3a8      0x144 c:/maximsdk/tools/gnutools/bin/../lib/gcc/arm-none-eabi/9.2.1/../../../../arm-none-eabi/lib/thumb/v7e-m+fp/softfp\libc.a(lib_a-mprec.o)
                0x1000b3a8                __multiply
 .text.__pow5mult
                0x1000b4ec       0xa0 c:/maximsdk/tools/gnutools/bin/../lib/gcc/arm-none-eabi/9.2.1/../../../../arm-none-eabi/lib/thumb/v7e-m+fp/softfp\libc.a(lib_a-mprec.o)
                0x1000b4ec                __pow5mult
 .text.__lshift
                0x1000b58c       0xd4 c:/maximsdk/tools/gnutools/bin/../lib/gcc/arm-none-eabi/9.2.1/../../../../arm-none-eabi/lib/thumb/v7e-m+fp/softfp\libc.a(lib_a-mprec.o)
                0x1000b58c                __lshift
 .text.__mcmp   0x1000b660       0x3c c:/maximsdk/tools/gnutools/bin/../lib/gcc/arm-none-eabi/9.2.1/../../../../arm-none-eabi/lib/thumb/v7e-m+fp/softfp\libc.a(lib_a-mprec.o)
                0x1000b660                __mcmp
 .text.__mdiff  0x1000b69c      0x138 c:/maximsdk/tools/gnutools/bin/../lib/gcc/arm-none-eabi/9.2.1/../../../../arm-none-eabi/lib/thumb/v7e-m+fp/softfp\libc.a(lib_a-mprec.o)
                0x1000b69c                __mdiff
 .text.__d2b    0x1000b7d4       0xbc c:/maximsdk/tools/gnutools/bin/../lib/gcc/arm-none-eabi/9.2.1/../../../../arm-none-eabi/lib/thumb/v7e-m+fp/softfp\libc.a(lib_a-mprec.o)
                0x1000b7d4                __d2b
 .text._putc_r  0x1000b890       0x74 c:/maximsdk/tools/gnutools/bin/../lib/gcc/arm-none-eabi/9.2.1/../../../../arm-none-eabi/lib/thumb/v7e-m+fp/softfp\libc.a(lib_a-putc.o)
                0x1000b890                _putc_r
 .text._realloc_r
                0x1000b904      0x3e0 c:/maximsdk/tools/gnutools/bin/../lib/gcc/arm-none-eabi/9.2.1/../../../../arm-none-eabi/lib/thumb/v7e-m+fp/softfp\libc.a(lib_a-reallocr.o)
                0x1000b904                _realloc_r
 .text.frexp    0x1000bce4       0x70 c:/maximsdk/tools/gnutools/bin/../lib/gcc/arm-none-eabi/9.2.1/../../../../arm-none-eabi/lib/thumb/v7e-m+fp/softfp\libc.a(lib_a-s_frexp.o)
                0x1000bce4                frexp
 .text.__sread  0x1000bd54       0x24 c:/maximsdk/tools/gnutools/bin/../lib/gcc/arm-none-eabi/9.2.1/../../../../arm-none-eabi/lib/thumb/v7e-m+fp/softfp\libc.a(lib_a-stdio.o)
                0x1000bd54                __sread
 .text.__swrite
                0x1000bd78       0x40 c:/maximsdk/tools/gnutools/bin/../lib/gcc/arm-none-eabi/9.2.1/../../../../arm-none-eabi/lib/thumb/v7e-m+fp/softfp\libc.a(lib_a-stdio.o)
                0x1000bd78                __swrite
 .text.__sseek  0x1000bdb8       0x20 c:/maximsdk/tools/gnutools/bin/../lib/gcc/arm-none-eabi/9.2.1/../../../../arm-none-eabi/lib/thumb/v7e-m+fp/softfp\libc.a(lib_a-stdio.o)
                0x1000bdb8                __sseek
 .text.__sclose
                0x1000bdd8        0x8 c:/maximsdk/tools/gnutools/bin/../lib/gcc/arm-none-eabi/9.2.1/../../../../arm-none-eabi/lib/thumb/v7e-m+fp/softfp\libc.a(lib_a-stdio.o)
                0x1000bdd8                __sclose
 .text.strncpy  0x1000bde0       0x68 c:/maximsdk/tools/gnutools/bin/../lib/gcc/arm-none-eabi/9.2.1/../../../../arm-none-eabi/lib/thumb/v7e-m+fp/softfp\libc.a(lib_a-strncpy.o)
                0x1000bde0                strncpy
 .text.__ssprint_r
                0x1000be48       0xf8 c:/maximsdk/tools/gnutools/bin/../lib/gcc/arm-none-eabi/9.2.1/../../../../arm-none-eabi/lib/thumb/v7e-m+fp/softfp\libc.a(lib_a-svfiprintf.o)
                0x1000be48                __ssprint_r
 .text.__sprint_r.part.0
                0x1000bf40       0x78 c:/maximsdk/tools/gnutools/bin/../lib/gcc/arm-none-eabi/9.2.1/../../../../arm-none-eabi/lib/thumb/v7e-m+fp/softfp\libc.a(lib_a-vfiprintf.o)
 .text.__sprint_r
                0x1000bfb8       0x18 c:/maximsdk/tools/gnutools/bin/../lib/gcc/arm-none-eabi/9.2.1/../../../../arm-none-eabi/lib/thumb/v7e-m+fp/softfp\libc.a(lib_a-vfiprintf.o)
                0x1000bfb8                __sprint_r
 .text.__swbuf_r
                0x1000bfd0       0xb0 c:/maximsdk/tools/gnutools/bin/../lib/gcc/arm-none-eabi/9.2.1/../../../../arm-none-eabi/lib/thumb/v7e-m+fp/softfp\libc.a(lib_a-wbuf.o)
                0x1000bfd0                __swbuf_r
 .text._write_r
                0x1000c080       0x2c c:/maximsdk/tools/gnutools/bin/../lib/gcc/arm-none-eabi/9.2.1/../../../../arm-none-eabi/lib/thumb/v7e-m+fp/softfp\libc.a(lib_a-writer.o)
                0x1000c080                _write_r
 .text.__register_exitproc
                0x1000c0ac       0x8c c:/maximsdk/tools/gnutools/bin/../lib/gcc/arm-none-eabi/9.2.1/../../../../arm-none-eabi/lib/thumb/v7e-m+fp/softfp\libc.a(lib_a-__atexit.o)
                0x1000c0ac                __register_exitproc
 .text._calloc_r
                0x1000c138       0x60 c:/maximsdk/tools/gnutools/bin/../lib/gcc/arm-none-eabi/9.2.1/../../../../arm-none-eabi/lib/thumb/v7e-m+fp/softfp\libc.a(lib_a-callocr.o)
                0x1000c138                _calloc_r
 .text._close_r
                0x1000c198       0x24 c:/maximsdk/tools/gnutools/bin/../lib/gcc/arm-none-eabi/9.2.1/../../../../arm-none-eabi/lib/thumb/v7e-m+fp/softfp\libc.a(lib_a-closer.o)
                0x1000c198                _close_r
 .text._fclose_r
                0x1000c1bc       0xcc c:/maximsdk/tools/gnutools/bin/../lib/gcc/arm-none-eabi/9.2.1/../../../../arm-none-eabi/lib/thumb/v7e-m+fp/softfp\libc.a(lib_a-fclose.o)
                0x1000c1bc                _fclose_r
 .text.__fputwc
                0x1000c288       0xa8 c:/maximsdk/tools/gnutools/bin/../lib/gcc/arm-none-eabi/9.2.1/../../../../arm-none-eabi/lib/thumb/v7e-m+fp/softfp\libc.a(lib_a-fputwc.o)
                0x1000c288                __fputwc
 .text._fputwc_r
                0x1000c330       0x68 c:/maximsdk/tools/gnutools/bin/../lib/gcc/arm-none-eabi/9.2.1/../../../../arm-none-eabi/lib/thumb/v7e-m+fp/softfp\libc.a(lib_a-fputwc.o)
                0x1000c330                _fputwc_r
 .text._fstat_r
                0x1000c398       0x2c c:/maximsdk/tools/gnutools/bin/../lib/gcc/arm-none-eabi/9.2.1/../../../../arm-none-eabi/lib/thumb/v7e-m+fp/softfp\libc.a(lib_a-fstatr.o)
                0x1000c398                _fstat_r
 .text._isatty_r
                0x1000c3c4       0x24 c:/maximsdk/tools/gnutools/bin/../lib/gcc/arm-none-eabi/9.2.1/../../../../arm-none-eabi/lib/thumb/v7e-m+fp/softfp\libc.a(lib_a-isattyr.o)
                0x1000c3c4                _isatty_r
 .text.__locale_mb_cur_max
                0x1000c3e8        0xc c:/maximsdk/tools/gnutools/bin/../lib/gcc/arm-none-eabi/9.2.1/../../../../arm-none-eabi/lib/thumb/v7e-m+fp/softfp\libc.a(lib_a-locale.o)
                0x1000c3e8                __locale_mb_cur_max
 .text._lseek_r
                0x1000c3f4       0x2c c:/maximsdk/tools/gnutools/bin/../lib/gcc/arm-none-eabi/9.2.1/../../../../arm-none-eabi/lib/thumb/v7e-m+fp/softfp\libc.a(lib_a-lseekr.o)
                0x1000c3f4                _lseek_r
 .text.__ascii_mbtowc
                0x1000c420       0x2c c:/maximsdk/tools/gnutools/bin/../lib/gcc/arm-none-eabi/9.2.1/../../../../arm-none-eabi/lib/thumb/v7e-m+fp/softfp\libc.a(lib_a-mbtowc_r.o)
                0x1000c420                __ascii_mbtowc
 .text._read_r  0x1000c44c       0x2c c:/maximsdk/tools/gnutools/bin/../lib/gcc/arm-none-eabi/9.2.1/../../../../arm-none-eabi/lib/thumb/v7e-m+fp/softfp\libc.a(lib_a-readr.o)
                0x1000c44c                _read_r
 .text._wcrtomb_r
                0x1000c478       0x3c c:/maximsdk/tools/gnutools/bin/../lib/gcc/arm-none-eabi/9.2.1/../../../../arm-none-eabi/lib/thumb/v7e-m+fp/softfp\libc.a(lib_a-wcrtomb.o)
                0x1000c478                _wcrtomb_r
 .text.__ascii_wctomb
                0x1000c4b4       0x1c c:/maximsdk/tools/gnutools/bin/../lib/gcc/arm-none-eabi/9.2.1/../../../../arm-none-eabi/lib/thumb/v7e-m+fp/softfp\libc.a(lib_a-wctomb_r.o)
                0x1000c4b4                __ascii_wctomb
 .text          0x1000c4d0      0x378 c:/maximsdk/tools/gnutools/bin/../lib/gcc/arm-none-eabi/9.2.1/thumb/v7e-m+fp/softfp\libgcc.a(_arm_addsubdf3.o)
                0x1000c4d0                __aeabi_drsub
                0x1000c4d8                __aeabi_dsub
                0x1000c4d8                __subdf3
                0x1000c4dc                __aeabi_dadd
                0x1000c4dc                __adddf3
                0x1000c754                __floatunsidf
                0x1000c754                __aeabi_ui2d
                0x1000c774                __floatsidf
                0x1000c774                __aeabi_i2d
                0x1000c798                __aeabi_f2d
                0x1000c798                __extendsfdf2
                0x1000c7dc                __floatundidf
                0x1000c7dc                __aeabi_ul2d
                0x1000c7ec                __floatdidf
                0x1000c7ec                __aeabi_l2d
 .text          0x1000c848      0x424 c:/maximsdk/tools/gnutools/bin/../lib/gcc/arm-none-eabi/9.2.1/thumb/v7e-m+fp/softfp\libgcc.a(_arm_muldivdf3.o)
                0x1000c848                __aeabi_dmul
                0x1000c848                __muldf3
                0x1000ca9c                __divdf3
                0x1000ca9c                __aeabi_ddiv
 .text          0x1000cc6c      0x110 c:/maximsdk/tools/gnutools/bin/../lib/gcc/arm-none-eabi/9.2.1/thumb/v7e-m+fp/softfp\libgcc.a(_arm_cmpdf2.o)
                0x1000cc6c                __gtdf2
                0x1000cc6c                __gedf2
                0x1000cc74                __ltdf2
                0x1000cc74                __ledf2
                0x1000cc7c                __nedf2
                0x1000cc7c                __eqdf2
                0x1000cc7c                __cmpdf2
                0x1000ccf8                __aeabi_cdrcmple
                0x1000cd08                __aeabi_cdcmpeq
                0x1000cd08                __aeabi_cdcmple
                0x1000cd18                __aeabi_dcmpeq
                0x1000cd2c                __aeabi_dcmplt
                0x1000cd40                __aeabi_dcmple
                0x1000cd54                __aeabi_dcmpge
                0x1000cd68                __aeabi_dcmpgt
 .text          0x1000cd7c       0x2c c:/maximsdk/tools/gnutools/bin/../lib/gcc/arm-none-eabi/9.2.1/thumb/v7e-m+fp/softfp\libgcc.a(_arm_unorddf2.o)
                0x1000cd7c                __unorddf2
                0x1000cd7c                __aeabi_dcmpun
 .text          0x1000cda8       0x50 c:/maximsdk/tools/gnutools/bin/../lib/gcc/arm-none-eabi/9.2.1/thumb/v7e-m+fp/softfp\libgcc.a(_arm_fixdfsi.o)
                0x1000cda8                __aeabi_d2iz
                0x1000cda8                __fixdfsi
 .text          0x1000cdf8       0xa0 c:/maximsdk/tools/gnutools/bin/../lib/gcc/arm-none-eabi/9.2.1/thumb/v7e-m+fp/softfp\libgcc.a(_aeabi_ldivmod.o)
                0x1000cdf8                __aeabi_ldivmod
 .text          0x1000ce98       0x30 c:/maximsdk/tools/gnutools/bin/../lib/gcc/arm-none-eabi/9.2.1/thumb/v7e-m+fp/softfp\libgcc.a(_aeabi_uldivmod.o)
                0x1000ce98                __aeabi_uldivmod
 .text          0x1000cec8      0x2c4 c:/maximsdk/tools/gnutools/bin/../lib/gcc/arm-none-eabi/9.2.1/thumb/v7e-m+fp/softfp\libgcc.a(_udivmoddi4.o)
                0x1000cec8                __udivmoddi4
 .text          0x1000d18c        0x4 c:/maximsdk/tools/gnutools/bin/../lib/gcc/arm-none-eabi/9.2.1/thumb/v7e-m+fp/softfp\libgcc.a(_dvmd_tls.o)
                0x1000d18c                __aeabi_idiv0
                0x1000d18c                __aeabi_ldiv0
 *(.rodata*)
 .rodata.main.str1.4
                0x1000d190      0x120 c:/Users/trufu/eclipse-workspace/CEW_/build/main.o
 .rodata.kernels_0
                0x1000d2b0      0x510 c:/Users/trufu/eclipse-workspace/CEW_/build/cnn.o
 .rodata.kernels_1
                0x1000d7c0       0x24 c:/Users/trufu/eclipse-workspace/CEW_/build/cnn.o
 .rodata.kernels_10
                0x1000d7e4      0x480 c:/Users/trufu/eclipse-workspace/CEW_/build/cnn.o
 .rodata.kernels_11
                0x1000dc64      0x480 c:/Users/trufu/eclipse-workspace/CEW_/build/cnn.o
 .rodata.kernels_12
                0x1000e0e4      0x480 c:/Users/trufu/eclipse-workspace/CEW_/build/cnn.o
 .rodata.kernels_13
                0x1000e564      0x480 c:/Users/trufu/eclipse-workspace/CEW_/build/cnn.o
 .rodata.kernels_14
                0x1000e9e4      0x480 c:/Users/trufu/eclipse-workspace/CEW_/build/cnn.o
 .rodata.kernels_15
                0x1000ee64      0x480 c:/Users/trufu/eclipse-workspace/CEW_/build/cnn.o
 .rodata.kernels_16
                0x1000f2e4      0x510 c:/Users/trufu/eclipse-workspace/CEW_/build/cnn.o
 .rodata.kernels_17
                0x1000f7f4      0x480 c:/Users/trufu/eclipse-workspace/CEW_/build/cnn.o
 .rodata.kernels_18
                0x1000fc74      0x480 c:/Users/trufu/eclipse-workspace/CEW_/build/cnn.o
 .rodata.kernels_19
                0x100100f4      0x480 c:/Users/trufu/eclipse-workspace/CEW_/build/cnn.o
 .rodata.kernels_2
                0x10010574       0x24 c:/Users/trufu/eclipse-workspace/CEW_/build/cnn.o
 .rodata.kernels_20
                0x10010598      0x480 c:/Users/trufu/eclipse-workspace/CEW_/build/cnn.o
 .rodata.kernels_21
                0x10010a18      0x480 c:/Users/trufu/eclipse-workspace/CEW_/build/cnn.o
 .rodata.kernels_22
                0x10010e98      0x480 c:/Users/trufu/eclipse-workspace/CEW_/build/cnn.o
 .rodata.kernels_23
                0x10011318      0x480 c:/Users/trufu/eclipse-workspace/CEW_/build/cnn.o
 .rodata.kernels_24
                0x10011798      0x480 c:/Users/trufu/eclipse-workspace/CEW_/build/cnn.o
 .rodata.kernels_25
                0x10011c18      0x480 c:/Users/trufu/eclipse-workspace/CEW_/build/cnn.o
 .rodata.kernels_26
                0x10012098      0x480 c:/Users/trufu/eclipse-workspace/CEW_/build/cnn.o
 .rodata.kernels_27
                0x10012518      0x480 c:/Users/trufu/eclipse-workspace/CEW_/build/cnn.o
 .rodata.kernels_28
                0x10012998      0x480 c:/Users/trufu/eclipse-workspace/CEW_/build/cnn.o
 .rodata.kernels_29
                0x10012e18      0x480 c:/Users/trufu/eclipse-workspace/CEW_/build/cnn.o
 .rodata.kernels_3
                0x10013298       0x24 c:/Users/trufu/eclipse-workspace/CEW_/build/cnn.o
 .rodata.kernels_30
                0x100132bc      0x45c c:/Users/trufu/eclipse-workspace/CEW_/build/cnn.o
 .rodata.kernels_31
                0x10013718      0x45c c:/Users/trufu/eclipse-workspace/CEW_/build/cnn.o
 .rodata.kernels_32
                0x10013b74      0x4ec c:/Users/trufu/eclipse-workspace/CEW_/build/cnn.o
 .rodata.kernels_33
                0x10014060      0x45c c:/Users/trufu/eclipse-workspace/CEW_/build/cnn.o
 .rodata.kernels_34
                0x100144bc      0x29c c:/Users/trufu/eclipse-workspace/CEW_/build/cnn.o
 .rodata.kernels_35
                0x10014758      0x29c c:/Users/trufu/eclipse-workspace/CEW_/build/cnn.o
 .rodata.kernels_36
                0x100149f4      0x3bc c:/Users/trufu/eclipse-workspace/CEW_/build/cnn.o
 .rodata.kernels_37
                0x10014db0      0x3bc c:/Users/trufu/eclipse-workspace/CEW_/build/cnn.o
 .rodata.kernels_38
                0x1001516c      0x3bc c:/Users/trufu/eclipse-workspace/CEW_/build/cnn.o
 .rodata.kernels_39
                0x10015528      0x3bc c:/Users/trufu/eclipse-workspace/CEW_/build/cnn.o
 .rodata.kernels_4
                0x100158e4      0x480 c:/Users/trufu/eclipse-workspace/CEW_/build/cnn.o
 .rodata.kernels_40
                0x10015d64      0x3bc c:/Users/trufu/eclipse-workspace/CEW_/build/cnn.o
 .rodata.kernels_41
                0x10016120      0x3bc c:/Users/trufu/eclipse-workspace/CEW_/build/cnn.o
 .rodata.kernels_42
                0x100164dc      0x3bc c:/Users/trufu/eclipse-workspace/CEW_/build/cnn.o
 .rodata.kernels_43
                0x10016898      0x3bc c:/Users/trufu/eclipse-workspace/CEW_/build/cnn.o
 .rodata.kernels_44
                0x10016c54      0x3bc c:/Users/trufu/eclipse-workspace/CEW_/build/cnn.o
 .rodata.kernels_45
                0x10017010      0x3bc c:/Users/trufu/eclipse-workspace/CEW_/build/cnn.o
 .rodata.kernels_46
                0x100173cc      0x3bc c:/Users/trufu/eclipse-workspace/CEW_/build/cnn.o
 .rodata.kernels_47
                0x10017788      0x3bc c:/Users/trufu/eclipse-workspace/CEW_/build/cnn.o
 .rodata.kernels_48
                0x10017b44      0x3bc c:/Users/trufu/eclipse-workspace/CEW_/build/cnn.o
 .rodata.kernels_49
                0x10017f00      0x3bc c:/Users/trufu/eclipse-workspace/CEW_/build/cnn.o
 .rodata.kernels_5
                0x100182bc      0x480 c:/Users/trufu/eclipse-workspace/CEW_/build/cnn.o
 .rodata.kernels_50
                0x1001873c      0x3bc c:/Users/trufu/eclipse-workspace/CEW_/build/cnn.o
 .rodata.kernels_51
                0x10018af8      0x29c c:/Users/trufu/eclipse-workspace/CEW_/build/cnn.o
 .rodata.kernels_52
                0x10018d94      0x29c c:/Users/trufu/eclipse-workspace/CEW_/build/cnn.o
 .rodata.kernels_53
                0x10019030      0x29c c:/Users/trufu/eclipse-workspace/CEW_/build/cnn.o
 .rodata.kernels_54
                0x100192cc      0x29c c:/Users/trufu/eclipse-workspace/CEW_/build/cnn.o
 .rodata.kernels_55
                0x10019568      0x29c c:/Users/trufu/eclipse-workspace/CEW_/build/cnn.o
 .rodata.kernels_56
                0x10019804      0x29c c:/Users/trufu/eclipse-workspace/CEW_/build/cnn.o
 .rodata.kernels_57
                0x10019aa0      0x29c c:/Users/trufu/eclipse-workspace/CEW_/build/cnn.o
 .rodata.kernels_58
                0x10019d3c      0x29c c:/Users/trufu/eclipse-workspace/CEW_/build/cnn.o
 .rodata.kernels_59
                0x10019fd8      0x29c c:/Users/trufu/eclipse-workspace/CEW_/build/cnn.o
 .rodata.kernels_6
                0x1001a274      0x480 c:/Users/trufu/eclipse-workspace/CEW_/build/cnn.o
 .rodata.kernels_60
                0x1001a6f4      0x29c c:/Users/trufu/eclipse-workspace/CEW_/build/cnn.o
 .rodata.kernels_61
                0x1001a990      0x29c c:/Users/trufu/eclipse-workspace/CEW_/build/cnn.o
 .rodata.kernels_62
                0x1001ac2c      0x29c c:/Users/trufu/eclipse-workspace/CEW_/build/cnn.o
 .rodata.kernels_63
                0x1001aec8      0x29c c:/Users/trufu/eclipse-workspace/CEW_/build/cnn.o
 .rodata.kernels_7
                0x1001b164      0x480 c:/Users/trufu/eclipse-workspace/CEW_/build/cnn.o
 .rodata.kernels_8
                0x1001b5e4      0x480 c:/Users/trufu/eclipse-workspace/CEW_/build/cnn.o
 .rodata.kernels_9
                0x1001ba64      0x480 c:/Users/trufu/eclipse-workspace/CEW_/build/cnn.o
 .rodata.mxc_assert.str1.4
                0x1001bee4       0x19 c:/Users/trufu/eclipse-workspace/CEW_/build/board.o
 *fill*         0x1001befd        0x3 
 .rodata.Board_Init.str1.4
                0x1001bf00       0x45 c:/Users/trufu/eclipse-workspace/CEW_/build/board.o
 *fill*         0x1001bf45        0x3 
 .rodata.led_pin
                0x1001bf48       0x24 c:/Users/trufu/eclipse-workspace/CEW_/build/board.o
                0x1001bf48                led_pin
 .rodata.num_leds
                0x1001bf6c        0x4 c:/Users/trufu/eclipse-workspace/CEW_/build/board.o
                0x1001bf6c                num_leds
 .rodata.num_pbs
                0x1001bf70        0x4 c:/Users/trufu/eclipse-workspace/CEW_/build/board.o
                0x1001bf70                num_pbs
 .rodata.pb_pin
                0x1001bf74       0x18 c:/Users/trufu/eclipse-workspace/CEW_/build/board.o
                0x1001bf74                pb_pin
 .rodata.LED_On.str1.4
                0x1001bf8c       0x4f c:/Users/trufu/eclipse-workspace/CEW_/build/led.o
 *fill*         0x1001bfdb        0x1 
 .rodata.PB_RegisterCallback.str1.4
                0x1001bfdc       0x4d c:/Users/trufu/eclipse-workspace/CEW_/build/pb.o
 *fill*         0x1001c029        0x3 
 .rodata.dump_registers.str1.4
                0x1001c02c       0x12 c:/Users/trufu/eclipse-workspace/CEW_/build/ov7692.o
 *fill*         0x1001c03e        0x2 
 .rodata.default_regs
                0x1001c040       0x5e c:/Users/trufu/eclipse-workspace/CEW_/build/ov7692.o
 *fill*         0x1001c09e        0x2 
 .rodata.gpio_cfg_scl
                0x1001c0a0        0xc c:/Users/trufu/eclipse-workspace/CEW_/build/sccb.o
 .rodata.gpio_cfg_sda
                0x1001c0ac        0xc c:/Users/trufu/eclipse-workspace/CEW_/build/sccb.o
 .rodata.gpio_cfg_i2c0
                0x1001c0b8        0xc c:/MaximSDK/Libraries/PeriphDrivers/bin/MAX78000/softfp/libPeriphDriver_softfp.a(pins_ai85.o)
                0x1001c0b8                gpio_cfg_i2c0
 .rodata.gpio_cfg_i2c1
                0x1001c0c4        0xc c:/MaximSDK/Libraries/PeriphDrivers/bin/MAX78000/softfp/libPeriphDriver_softfp.a(pins_ai85.o)
                0x1001c0c4                gpio_cfg_i2c1
 .rodata.gpio_cfg_i2c2
                0x1001c0d0        0xc c:/MaximSDK/Libraries/PeriphDrivers/bin/MAX78000/softfp/libPeriphDriver_softfp.a(pins_ai85.o)
                0x1001c0d0                gpio_cfg_i2c2
 .rodata.gpio_cfg_pcif_P0_BITS_0_7
                0x1001c0dc        0xc c:/MaximSDK/Libraries/PeriphDrivers/bin/MAX78000/softfp/libPeriphDriver_softfp.a(pins_ai85.o)
                0x1001c0dc                gpio_cfg_pcif_P0_BITS_0_7
 .rodata.gpio_cfg_pcif_P0_BITS_8_9
                0x1001c0e8        0xc c:/MaximSDK/Libraries/PeriphDrivers/bin/MAX78000/softfp/libPeriphDriver_softfp.a(pins_ai85.o)
                0x1001c0e8                gpio_cfg_pcif_P0_BITS_8_9
 .rodata.gpio_cfg_pcif_P1_BITS_10_11
                0x1001c0f4        0xc c:/MaximSDK/Libraries/PeriphDrivers/bin/MAX78000/softfp/libPeriphDriver_softfp.a(pins_ai85.o)
                0x1001c0f4                gpio_cfg_pcif_P1_BITS_10_11
 .rodata.gpio_cfg_pcif_hsync
                0x1001c100        0xc c:/MaximSDK/Libraries/PeriphDrivers/bin/MAX78000/softfp/libPeriphDriver_softfp.a(pins_ai85.o)
                0x1001c100                gpio_cfg_pcif_hsync
 .rodata.gpio_cfg_pcif_vsync
                0x1001c10c        0xc c:/MaximSDK/Libraries/PeriphDrivers/bin/MAX78000/softfp/libPeriphDriver_softfp.a(pins_ai85.o)
                0x1001c10c                gpio_cfg_pcif_vsync
 .rodata.gpio_cfg_pcif_xclk
                0x1001c118        0xc c:/MaximSDK/Libraries/PeriphDrivers/bin/MAX78000/softfp/libPeriphDriver_softfp.a(pins_ai85.o)
                0x1001c118                gpio_cfg_pcif_xclk
 .rodata.gpio_cfg_pt0
                0x1001c124        0xc c:/MaximSDK/Libraries/PeriphDrivers/bin/MAX78000/softfp/libPeriphDriver_softfp.a(pins_ai85.o)
                0x1001c124                gpio_cfg_pt0
 .rodata.gpio_cfg_pt1
                0x1001c130        0xc c:/MaximSDK/Libraries/PeriphDrivers/bin/MAX78000/softfp/libPeriphDriver_softfp.a(pins_ai85.o)
                0x1001c130                gpio_cfg_pt1
 .rodata.gpio_cfg_pt2
                0x1001c13c        0xc c:/MaximSDK/Libraries/PeriphDrivers/bin/MAX78000/softfp/libPeriphDriver_softfp.a(pins_ai85.o)
                0x1001c13c                gpio_cfg_pt2
 .rodata.gpio_cfg_pt3
                0x1001c148        0xc c:/MaximSDK/Libraries/PeriphDrivers/bin/MAX78000/softfp/libPeriphDriver_softfp.a(pins_ai85.o)
                0x1001c148                gpio_cfg_pt3
 .rodata.gpio_cfg_tmr0
                0x1001c154        0xc c:/MaximSDK/Libraries/PeriphDrivers/bin/MAX78000/softfp/libPeriphDriver_softfp.a(pins_ai85.o)
                0x1001c154                gpio_cfg_tmr0
 .rodata.gpio_cfg_tmr0b
                0x1001c160        0xc c:/MaximSDK/Libraries/PeriphDrivers/bin/MAX78000/softfp/libPeriphDriver_softfp.a(pins_ai85.o)
                0x1001c160                gpio_cfg_tmr0b
 .rodata.gpio_cfg_tmr1
                0x1001c16c        0xc c:/MaximSDK/Libraries/PeriphDrivers/bin/MAX78000/softfp/libPeriphDriver_softfp.a(pins_ai85.o)
                0x1001c16c                gpio_cfg_tmr1
 .rodata.gpio_cfg_tmr1b
                0x1001c178        0xc c:/MaximSDK/Libraries/PeriphDrivers/bin/MAX78000/softfp/libPeriphDriver_softfp.a(pins_ai85.o)
                0x1001c178                gpio_cfg_tmr1b
 .rodata.gpio_cfg_tmr2
                0x1001c184        0xc c:/MaximSDK/Libraries/PeriphDrivers/bin/MAX78000/softfp/libPeriphDriver_softfp.a(pins_ai85.o)
                0x1001c184                gpio_cfg_tmr2
 .rodata.gpio_cfg_tmr2b
                0x1001c190        0xc c:/MaximSDK/Libraries/PeriphDrivers/bin/MAX78000/softfp/libPeriphDriver_softfp.a(pins_ai85.o)
                0x1001c190                gpio_cfg_tmr2b
 .rodata.gpio_cfg_tmr3
                0x1001c19c        0xc c:/MaximSDK/Libraries/PeriphDrivers/bin/MAX78000/softfp/libPeriphDriver_softfp.a(pins_ai85.o)
                0x1001c19c                gpio_cfg_tmr3
 .rodata.gpio_cfg_tmr3b
                0x1001c1a8        0xc c:/MaximSDK/Libraries/PeriphDrivers/bin/MAX78000/softfp/libPeriphDriver_softfp.a(pins_ai85.o)
                0x1001c1a8                gpio_cfg_tmr3b
 .rodata.gpio_cfg_tmr4
                0x1001c1b4        0xc c:/MaximSDK/Libraries/PeriphDrivers/bin/MAX78000/softfp/libPeriphDriver_softfp.a(pins_ai85.o)
                0x1001c1b4                gpio_cfg_tmr4
 .rodata.gpio_cfg_tmr5
                0x1001c1c0        0xc c:/MaximSDK/Libraries/PeriphDrivers/bin/MAX78000/softfp/libPeriphDriver_softfp.a(pins_ai85.o)
                0x1001c1c0                gpio_cfg_tmr5
 .rodata.gpio_cfg_uart0
                0x1001c1cc        0xc c:/MaximSDK/Libraries/PeriphDrivers/bin/MAX78000/softfp/libPeriphDriver_softfp.a(pins_ai85.o)
                0x1001c1cc                gpio_cfg_uart0
 .rodata.gpio_cfg_uart1
                0x1001c1d8        0xc c:/MaximSDK/Libraries/PeriphDrivers/bin/MAX78000/softfp/libPeriphDriver_softfp.a(pins_ai85.o)
                0x1001c1d8                gpio_cfg_uart1
 .rodata.gpio_cfg_uart2
                0x1001c1e4        0xc c:/MaximSDK/Libraries/PeriphDrivers/bin/MAX78000/softfp/libPeriphDriver_softfp.a(pins_ai85.o)
                0x1001c1e4                gpio_cfg_uart2
 .rodata.gpio_cfg_uart3
                0x1001c1f0        0xc c:/MaximSDK/Libraries/PeriphDrivers/bin/MAX78000/softfp/libPeriphDriver_softfp.a(pins_ai85.o)
                0x1001c1f0                gpio_cfg_uart3
 .rodata.MXC_PT_Init.str1.1
                0x1001c1fc       0x4f c:/MaximSDK/Libraries/PeriphDrivers/bin/MAX78000/softfp/libPeriphDriver_softfp.a(pt_me17.o)
 .rodata.MXC_PT_RevA_Config.str1.1
                0x1001c24b       0x4b c:/MaximSDK/Libraries/PeriphDrivers/bin/MAX78000/softfp/libPeriphDriver_softfp.a(pt_reva.o)
 .rodata.MXC_TMR_Init.str1.1
                0x1001c296       0x4c c:/MaximSDK/Libraries/PeriphDrivers/bin/MAX78000/softfp/libPeriphDriver_softfp.a(tmr_ai85.o)
 .rodata.MXC_TMR_RevB_ConfigGeneric.str1.1
                0x1001c2e2       0x40 c:/MaximSDK/Libraries/PeriphDrivers/bin/MAX78000/softfp/libPeriphDriver_softfp.a(tmr_revb.o)
                                 0x4c (size before relaxing)
 .rodata.MXC_GPIO_Common_Handler.str1.1
                0x1001c322       0x62 c:/MaximSDK/Libraries/PeriphDrivers/bin/MAX78000/softfp/libPeriphDriver_softfp.a(gpio_common.o)
 .rodata._global_impure_ptr
                0x1001c384        0x4 c:/maximsdk/tools/gnutools/bin/../lib/gcc/arm-none-eabi/9.2.1/../../../../arm-none-eabi/lib/thumb/v7e-m+fp/softfp\libc.a(lib_a-impure.o)
                0x1001c384                _global_impure_ptr
 .rodata._puts_r.str1.4
                0x1001c388       0x12 c:/maximsdk/tools/gnutools/bin/../lib/gcc/arm-none-eabi/9.2.1/../../../../arm-none-eabi/lib/thumb/v7e-m+fp/softfp\libc.a(lib_a-puts.o)
                                  0x2 (size before relaxing)
 .rodata._svfprintf_r.str1.4
                0x1001c388       0x42 c:/maximsdk/tools/gnutools/bin/../lib/gcc/arm-none-eabi/9.2.1/../../../../arm-none-eabi/lib/thumb/v7e-m+fp/softfp\libc.a(lib_a-svfprintf.o)
 *fill*         0x1001c3ca        0x2 
 .rodata.blanks.8708
                0x1001c3cc       0x10 c:/maximsdk/tools/gnutools/bin/../lib/gcc/arm-none-eabi/9.2.1/../../../../arm-none-eabi/lib/thumb/v7e-m+fp/softfp\libc.a(lib_a-svfprintf.o)
 .rodata.zeroes.8709
                0x1001c3dc       0x10 c:/maximsdk/tools/gnutools/bin/../lib/gcc/arm-none-eabi/9.2.1/../../../../arm-none-eabi/lib/thumb/v7e-m+fp/softfp\libc.a(lib_a-svfprintf.o)
 .rodata._vfprintf_r.str1.4
                0x1001c3ec       0x42 c:/maximsdk/tools/gnutools/bin/../lib/gcc/arm-none-eabi/9.2.1/../../../../arm-none-eabi/lib/thumb/v7e-m+fp/softfp\libc.a(lib_a-vfprintf.o)
 .rodata.blanks.8723
                0x1001c3ec       0x10 c:/maximsdk/tools/gnutools/bin/../lib/gcc/arm-none-eabi/9.2.1/../../../../arm-none-eabi/lib/thumb/v7e-m+fp/softfp\libc.a(lib_a-vfprintf.o)
 .rodata.zeroes.8724